Component: ARM Compiler 5.06 update 6 (build 750) Tool: armlink [4d35ed]

==============================================================================

Section Cross References

    startup_stm32f407xx.o(STACK) refers (Special) to heapauxi.o(.text) for __use_two_region_memory
    startup_stm32f407xx.o(HEAP) refers (Special) to heapauxi.o(.text) for __use_two_region_memory
    startup_stm32f407xx.o(RESET) refers (Special) to heapauxi.o(.text) for __use_two_region_memory
    startup_stm32f407xx.o(RESET) refers to startup_stm32f407xx.o(STACK) for __initial_sp
    startup_stm32f407xx.o(RESET) refers to startup_stm32f407xx.o(.text) for Reset_Handler
    startup_stm32f407xx.o(RESET) refers to stm32f4xx_it.o(i.NMI_Handler) for NMI_Handler
    startup_stm32f407xx.o(RESET) refers to stm32f4xx_it.o(i.HardFault_Handler) for HardFault_Handler
    startup_stm32f407xx.o(RESET) refers to stm32f4xx_it.o(i.MemManage_Handler) for MemManage_Handler
    startup_stm32f407xx.o(RESET) refers to stm32f4xx_it.o(i.BusFault_Handler) for BusFault_Handler
    startup_stm32f407xx.o(RESET) refers to stm32f4xx_it.o(i.UsageFault_Handler) for UsageFault_Handler
    startup_stm32f407xx.o(RESET) refers to stm32f4xx_it.o(i.SVC_Handler) for SVC_Handler
    startup_stm32f407xx.o(RESET) refers to stm32f4xx_it.o(i.DebugMon_Handler) for DebugMon_Handler
    startup_stm32f407xx.o(RESET) refers to stm32f4xx_it.o(i.PendSV_Handler) for PendSV_Handler
    startup_stm32f407xx.o(RESET) refers to stm32f4xx_it.o(i.SysTick_Handler) for SysTick_Handler
    startup_stm32f407xx.o(RESET) refers to stm32f4xx_it.o(i.EXTI9_5_IRQHandler) for EXTI9_5_IRQHandler
    startup_stm32f407xx.o(RESET) refers to stm32f4xx_it.o(i.TIM1_CC_IRQHandler) for TIM1_CC_IRQHandler
    startup_stm32f407xx.o(RESET) refers to stm32f4xx_it.o(i.TIM2_IRQHandler) for TIM2_IRQHandler
    startup_stm32f407xx.o(RESET) refers to stm32f4xx_it.o(i.TIM3_IRQHandler) for TIM3_IRQHandler
    startup_stm32f407xx.o(RESET) refers to stm32f4xx_it.o(i.DMA2_Stream1_IRQHandler) for DMA2_Stream1_IRQHandler
    startup_stm32f407xx.o(RESET) refers to stm32f4xx_it.o(i.DCMI_IRQHandler) for DCMI_IRQHandler
    startup_stm32f407xx.o(.text) refers (Special) to heapauxi.o(.text) for __use_two_region_memory
    startup_stm32f407xx.o(.text) refers to system_stm32f4xx.o(i.SystemInit) for SystemInit
    startup_stm32f407xx.o(.text) refers to __main.o(!!!main) for __main
    startup_stm32f407xx.o(.text) refers to startup_stm32f407xx.o(HEAP) for Heap_Mem
    startup_stm32f407xx.o(.text) refers to startup_stm32f407xx.o(STACK) for Stack_Mem
    main.o(i.SystemClock_Config) refers to rt_memclr_w.o(.text) for __aeabi_memclr4
    main.o(i.SystemClock_Config) refers to stm32f4xx_hal_rcc.o(i.HAL_RCC_OscConfig) for HAL_RCC_OscConfig
    main.o(i.SystemClock_Config) refers to main.o(i.Error_Handler) for Error_Handler
    main.o(i.SystemClock_Config) refers to stm32f4xx_hal_rcc.o(i.HAL_RCC_ClockConfig) for HAL_RCC_ClockConfig
    main.o(i.main) refers to stm32f4xx_hal.o(i.HAL_Init) for HAL_Init
    main.o(i.main) refers to main.o(i.SystemClock_Config) for SystemClock_Config
    main.o(i.main) refers to gpio.o(i.MX_GPIO_Init) for MX_GPIO_Init
    main.o(i.main) refers to dma.o(i.MX_DMA_Init) for MX_DMA_Init
    main.o(i.main) refers to spi.o(i.MX_SPI3_Init) for MX_SPI3_Init
    main.o(i.main) refers to dcmi.o(i.MX_DCMI_Init) for MX_DCMI_Init
    main.o(i.main) refers to tim.o(i.MX_TIM1_Init) for MX_TIM1_Init
    main.o(i.main) refers to tim.o(i.MX_TIM2_Init) for MX_TIM2_Init
    main.o(i.main) refers to tim.o(i.MX_TIM3_Init) for MX_TIM3_Init
    main.o(i.main) refers to usart.o(i.MX_USART1_UART_Init) for MX_USART1_UART_Init
    main.o(i.main) refers to lcd.o(i.LCD_Init) for LCD_Init
    main.o(i.main) refers to lcd.o(i.LCD_Fill) for LCD_Fill
    main.o(i.main) refers to stm32f4xx_hal_uart.o(i.HAL_UART_Transmit) for HAL_UART_Transmit
    main.o(i.main) refers to main.o(.data) for dis_50
    main.o(i.main) refers to usart.o(.bss) for huart1
    gpio.o(i.MX_GPIO_Init) refers to rt_memclr_w.o(.text) for __aeabi_memclr4
    gpio.o(i.MX_GPIO_Init) refers to stm32f4xx_hal_gpio.o(i.HAL_GPIO_WritePin) for HAL_GPIO_WritePin
    gpio.o(i.MX_GPIO_Init) refers to stm32f4xx_hal_gpio.o(i.HAL_GPIO_Init) for HAL_GPIO_Init
    gpio.o(i.MX_GPIO_Init) refers to stm32f4xx_hal_cortex.o(i.HAL_NVIC_SetPriority) for HAL_NVIC_SetPriority
    gpio.o(i.MX_GPIO_Init) refers to stm32f4xx_hal_cortex.o(i.HAL_NVIC_EnableIRQ) for HAL_NVIC_EnableIRQ
    dcmi.o(i.HAL_DCMI_FrameEventCallback) refers to _printf_percent.o(.ARM.Collect$$_printf_percent$$00000000) for _printf_percent
    dcmi.o(i.HAL_DCMI_FrameEventCallback) refers to _printf_d.o(.ARM.Collect$$_printf_percent$$00000009) for _printf_d
    dcmi.o(i.HAL_DCMI_FrameEventCallback) refers to _printf_dec.o(.text) for _printf_int_dec
    dcmi.o(i.HAL_DCMI_FrameEventCallback) refers to lcd.o(i.ILI9341_DrawImage) for ILI9341_DrawImage
[...]
    i.DMA_CheckFifoParam                     0x08001578   Section        0  stm32f4xx_hal_dma.o(i.DMA_CheckFifoParam)
    DMA_CheckFifoParam                       0x08001579   Thumb Code   170  stm32f4xx_hal_dma.o(i.DMA_CheckFifoParam)
    i.DebugMon_Handler                       0x08001622   Section        0  stm32f4xx_it.o(i.DebugMon_Handler)
    i.EXTI9_5_IRQHandler                     0x08001624   Section        0  stm32f4xx_it.o(i.EXTI9_5_IRQHandler)
    i.Error_Handler                          0x0800162e   Section        0  main.o(i.Error_Handler)
    i.HAL_DCMI_ErrorCallback                 0x08001634   Section        0  stm32f4xx_hal_dcmi.o(i.HAL_DCMI_ErrorCallback)
    i.HAL_DCMI_FrameEventCallback            0x08001638   Section        0  dcmi.o(i.HAL_DCMI_FrameEventCallback)
    i.HAL_DCMI_IRQHandler                    0x080016a0   Section        0  stm32f4xx_hal_dcmi.o(i.HAL_DCMI_IRQHandler)
    i.HAL_DCMI_Init                          0x08001760   Section        0  stm32f4xx_hal_dcmi_ex.o(i.HAL_DCMI_Init)
    i.HAL_DCMI_LineEventCallback             0x080017f2   Section        0  stm32f4xx_hal_dcmi.o(i.HAL_DCMI_LineEventCallback)
    i.HAL_DCMI_MspInit                       0x080017f4   Section        0  dcmi.o(i.HAL_DCMI_MspInit)
    i.HAL_DCMI_Stop                          0x0800199c   Section        0  stm32f4xx_hal_dcmi.o(i.HAL_DCMI_Stop)
    i.HAL_DCMI_VsyncEventCallback            0x08001a28   Section        0  stm32f4xx_hal_dcmi.o(i.HAL_DCMI_VsyncEventCallback)
    i.HAL_DMA_Abort                          0x08001a2a   Section        0  stm32f4xx_hal_dma.o(i.HAL_DMA_Abort)
    i.HAL_DMA_Abort_IT                       0x08001ad6   Section        0  stm32f4xx_hal_dma.o(i.HAL_DMA_Abort_IT)
    i.HAL_DMA_IRQHandler                     0x08001b00   Section        0  stm32f4xx_hal_dma.o(i.HAL_DMA_IRQHandler)
    i.HAL_DMA_Init                           0x08001d40   Section        0  stm32f4xx_hal_dma.o(i.HAL_DMA_Init)
    i.HAL_Delay                              0x08001e2c   Section        0  stm32f4xx_hal.o(i.HAL_Delay)
    i.HAL_GPIO_EXTI_Callback                 0x08001e54   Section        0  gpio.o(i.HAL_GPIO_EXTI_Callback)
    i.HAL_GPIO_EXTI_IRQHandler               0x08001e58   Section        0  stm32f4xx_hal_gpio.o(i.HAL_GPIO_EXTI_IRQHandler)
    i.HAL_GPIO_Init                          0x08001e74   Section        0  stm32f4xx_hal_gpio.o(i.HAL_GPIO_Init)
    i.HAL_GPIO_WritePin                      0x08002068   Section        0  stm32f4xx_hal_gpio.o(i.HAL_GPIO_WritePin)
    i.HAL_GetTick                            0x08002074   Section        0  stm32f4xx_hal.o(i.HAL_GetTick)
    i.HAL_IncTick                            0x08002080   Section        0  stm32f4xx_hal.o(i.HAL_IncTick)
    i.HAL_Init                               0x08002098   Section        0  stm32f4xx_hal.o(i.HAL_Init)
    i.HAL_InitTick                           0x080020d4   Section        0  stm32f4xx_hal.o(i.HAL_InitTick)
    i.HAL_MspInit                            0x08002120   Section        0  stm32f4xx_hal_msp.o(i.HAL_MspInit)
    i.HAL_NVIC_EnableIRQ                     0x08002168   Section        0  stm32f4xx_hal_cortex.o(i.HAL_NVIC_EnableIRQ)
    i.HAL_NVIC_SetPriority                   0x08002190   Section        0  stm32f4xx_hal_cortex.o(i.HAL_NVIC_SetPriority)
    i.HAL_NVIC_SetPriorityGrouping           0x0800220c   Section        0  stm32f4xx_hal_cortex.o(i.HAL_NVIC_SetPriorityGrouping)
    i.HAL_RCC_ClockConfig                    0x08002234   Section        0  stm32f4xx_hal_rcc.o(i.HAL_RCC_ClockConfig)
    i.HAL_RCC_GetHCLKFreq                    0x080023b8   Section        0  stm32f4xx_hal_rcc.o(i.HAL_RCC_GetHCLKFreq)
    i.HAL_RCC_GetPCLK1Freq                   0x080023c4   Section        0  stm32f4xx_hal_rcc.o(i.HAL_RCC_GetPCLK1Freq)
    i.HAL_RCC_GetPCLK2Freq                   0x080023e4   Section        0  stm32f4xx_hal_rcc.o(i.HAL_RCC_GetPCLK2Freq)
    i.HAL_RCC_GetSysClockFreq                0x08002404   Section        0  stm32f4xx_hal_rcc.o(i.HAL_RCC_GetSysClockFreq)
    i.HAL_RCC_OscConfig                      0x080024b4   Section        0  stm32f4xx_hal_rcc.o(i.HAL_RCC_OscConfig)
    i.HAL_SPI_Init                           0x08002950   Section        0  stm32f4xx_hal_spi.o(i.HAL_SPI_Init)
    i.HAL_SPI_MspInit                        0x08002a18   Section        0  spi.o(i.HAL_SPI_MspInit)
    i.HAL_SPI_Transmit                       0x08002aa0   Section        0  stm32f4xx_hal_spi.o(i.HAL_SPI_Transmit)
    i.HAL_SYSTICK_Config                     0x08002c5e   Section        0  stm32f4xx_hal_cortex.o(i.HAL_SYSTICK_Config)
    i.HAL_TIMEx_BreakCallback                0x08002c92   Section        0  stm32f4xx_hal_tim_ex.o(i.HAL_TIMEx_BreakCallback)
    i.HAL_TIMEx_CommutCallback               0x08002c94   Section        0  stm32f4xx_hal_tim_ex.o(i.HAL_TIMEx_CommutCallback)
    i.HAL_TIMEx_MasterConfigSynchronization  0x08002c98   Section        0  stm32f4xx_hal_tim_ex.o(i.HAL_TIMEx_MasterConfigSynchronization)
    i.HAL_TIM_Base_Init                      0x08002d4c   Section        0  stm32f4xx_hal_tim.o(i.HAL_TIM_Base_Init)
    i.HAL_TIM_Base_MspInit                   0x08002db4   Section        0  tim.o(i.HAL_TIM_Base_MspInit)
    i.HAL_TIM_Base_Start_IT                  0x08002e34   Section        0  stm32f4xx_hal_tim.o(i.HAL_TIM_Base_Start_IT)
    i.HAL_TIM_Base_Stop_IT                   0x08002edc   Section        0  stm32f4xx_hal_tim.o(i.HAL_TIM_Base_Stop_IT)
    i.HAL_TIM_ConfigClockSource              0x08002f1a   Section        0  stm32f4xx_hal_tim.o(i.HAL_TIM_ConfigClockSource)
    i.HAL_TIM_IC_CaptureCallback             0x08003028   Section        0  sr04.o(i.HAL_TIM_IC_CaptureCallback)
    i.HAL_TIM_IC_ConfigChannel               0x08003128   Section        0  stm32f4xx_hal_tim.o(i.HAL_TIM_IC_ConfigChannel)
    i.HAL_TIM_IC_Init                        0x08003206   Section        0  stm32f4xx_hal_tim.o(i.HAL_TIM_IC_Init)
    i.HAL_TIM_IC_MspInit                     0x0800326c   Section        0  tim.o(i.HAL_TIM_IC_MspInit)
    i.HAL_TIM_IC_Start_IT                    0x08003300   Section        0  stm32f4xx_hal_tim.o(i.HAL_TIM_IC_Start_IT)
    i.HAL_TIM_IC_Stop_IT                     0x08003490   Section        0  stm32f4xx_hal_tim.o(i.HAL_TIM_IC_Stop_IT)
    i.HAL_TIM_IRQHandler                     0x0800356e   Section        0  stm32f4xx_hal_tim.o(i.HAL_TIM_IRQHandler)
    i.HAL_TIM_OC_DelayElapsedCallback        0x080036da   Section        0  stm32f4xx_hal_tim.o(i.HAL_TIM_OC_DelayElapsedCallback)
    i.HAL_TIM_PWM_PulseFinishedCallback      0x080036dc   Section        0  stm32f4xx_hal_tim.o(i.HAL_TIM_PWM_PulseFinishedCallback)
    i.HAL_TIM_PeriodElapsedCallback          0x080036e0   Section        0  tim.o(i.HAL_TIM_PeriodElapsedCallback)
    i.HAL_TIM_ReadCapturedValue              0x08003748   Section        0  stm32f4xx_hal_tim.o(i.HAL_TIM_ReadCapturedValue)
    i.HAL_TIM_TriggerCallback                0x0800377a   Section        0  stm32f4xx_hal_tim.o(i.HAL_TIM_TriggerCallback)
    i.HAL_UART_Init                          0x0800377c   Section        0  stm32f4xx_hal_uart.o(i.HAL_UART_Init)
    i.HAL_UART_MspInit                       0x080037f4   Section        0  usart.o(i.HAL_UART_MspInit)
    i.HAL_UART_Transmit                      0x0800387c   Section        0  stm32f4xx_hal_uart.o(i.HAL_UART_Transmit)
    i.HardFault_Handler                      0x0800393a   Section        0  stm32f4xx_it.o(i.HardFault_Handler)
    i.ILI9341_DrawImage                      0x08003940   Section        0  lcd.o(i.ILI9341_DrawImage)
    i.ILI9341_DrawPixel                      0x080039a8   Section        0  lcd.o(i.ILI9341_DrawPixel)
    i.LCD_Fill                               0x080039d2   Section        0  lcd.o(i.LCD_Fill)
    i.LCD_Init                               0x080039f8   Section        0  lcd.o(i.LCD_Init)
    i.LCD_SetWindow                          0x08003c18   Section        0  lcd.o(i.LCD_SetWindow)
    i.LCD_ShowChar                           0x08003c6c   Section        0  lcd.o(i.LCD_ShowChar)
    i.LCD_ShowString                         0x08003d88   Section        0  lcd.o(i.LCD_ShowString)
    i.LCD_WriteCommand                       0x08003de4   Section        0  lcd.o(i.LCD_WriteCommand)
    i.LCD_WriteData                          0x08003e1c   Section        0  lcd.o(i.LCD_WriteData)
    i.LCD_WriteData16                        0x08003e54   Section        0  lcd.o(i.LCD_WriteData16)
    i.MX_DCMI_Init                           0x08003e9c   Section        0  dcmi.o(i.MX_DCMI_Init)
    i.MX_DMA_Init                            0x08003ee0   Section        0  dma.o(i.MX_DMA_Init)
    i.MX_GPIO_Init                           0x08003f18   Section        0  gpio.o(i.MX_GPIO_Init)
    i.MX_SPI3_Init                           0x080040c0   Section        0  spi.o(i.MX_SPI3_Init)
    i.MX_TIM1_Init                           0x08004104   Section        0  tim.o(i.MX_TIM1_Init)
    i.MX_TIM2_Init                           0x08004180   Section        0  tim.o(i.MX_TIM2_Init)
    i.MX_TIM3_Init                           0x080041f0   Section        0  tim.o(i.MX_TIM3_Init)
    i.MX_USART1_UART_Init                    0x0800425c   Section        0  usart.o(i.MX_USART1_UART_Init)
    i.MemManage_Handler                      0x08004294   Section        0  stm32f4xx_it.o(i.MemManage_Handler)
    i.NMI_Handler                            0x08004298   Section        0  stm32f4xx_it.o(i.NMI_Handler)
    i.OV2640_StopCapture                     0x0800429c   Section        0  ov2640.o(i.OV2640_StopCapture)
    i.PendSV_Handler                         0x080042ac   Section        0  stm32f4xx_it.o(i.PendSV_Handler)
    i.SPI_EndRxTxTransaction                 0x080042b0   Section        0  stm32f4xx_hal_spi.o(i.SPI_EndRxTxTransaction)
    SPI_EndRxTxTransaction                   0x080042b1   Thumb Code   128  stm32f4xx_hal_spi.o(i.SPI_EndRxTxTransaction)
    i.SPI_WaitFlagStateUntilTimeout          0x08004338   Section        0  stm32f4xx_hal_spi.o(i.SPI_WaitFlagStateUntilTimeout)
    SPI_WaitFlagStateUntilTimeout            0x08004339   Thumb Code   212  stm32f4xx_hal_spi.o(i.SPI_WaitFlagStateUntilTimeout)
    i.SVC_Handler                            0x08004410   Section        0  stm32f4xx_it.o(i.SVC_Handler)
    i.SysTick_Handler                        0x08004412   Section        0  stm32f4xx_it.o(i.SysTick_Handler)
    i.SystemClock_Config                     0x0800441c   Section        0  main.o(i.SystemClock_Config)
    i.SystemInit                             0x080044d0   Section        0  system_stm32f4xx.o(i.SystemInit)
    i.TIM1_CC_IRQHandler                     0x080044e4   Section        0  stm32f4xx_it.o(i.TIM1_CC_IRQHandler)
    i.TIM2_IRQHandler                        0x080044f4   Section        0  stm32f4xx_it.o(i.TIM2_IRQHandler)
    i.TIM3_IRQHandler                        0x08004504   Section        0  stm32f4xx_it.o(i.TIM3_IRQHandler)
    i.TIM_Base_SetConfig                     0x08004514   Section        0  stm32f4xx_hal_tim.o(i.TIM_Base_SetConfig)
    i.TIM_CCxChannelCmd                      0x080045f4   Section        0  stm32f4xx_hal_tim.o(i.TIM_CCxChannelCmd)
    i.TIM_ETR_SetConfig                      0x08004616   Section        0  stm32f4xx_hal_tim.o(i.TIM_ETR_SetConfig)
    i.TIM_ITRx_SetConfig                     0x0800462c   Section        0  stm32f4xx_hal_tim.o(i.TIM_ITRx_SetConfig)
    TIM_ITRx_SetConfig                       0x0800462d   Thumb Code    18  stm32f4xx_hal_tim.o(i.TIM_ITRx_SetConfig)
    i.TIM_TI1_ConfigInputStage               0x0800463e   Section        0  stm32f4xx_hal_tim.o(i.TIM_TI1_ConfigInputStage)
    TIM_TI1_ConfigInputStage                 0x0800463f   Thumb Code    38  stm32f4xx_hal_tim.o(i.TIM_TI1_ConfigInputStage)
    i.TIM_TI1_SetConfig                      0x08004664   Section        0  stm32f4xx_hal_tim.o(i.TIM_TI1_SetConfig)
    i.TIM_TI2_ConfigInputStage               0x080046f4   Section        0  stm32f4xx_hal_tim.o(i.TIM_TI2_ConfigInputStage)
    TIM_TI2_ConfigInputStage                 0x080046f5   Thumb Code    40  stm32f4xx_hal_tim.o(i.TIM_TI2_ConfigInputStage)
    i.TIM_TI2_SetConfig                      0x0800471c   Section        0  stm32f4xx_hal_tim.o(i.TIM_TI2_SetConfig)
    TIM_TI2_SetConfig                        0x0800471d   Thumb Code    58  stm32f4xx_hal_tim.o(i.TIM_TI2_SetConfig)
    i.TIM_TI3_SetConfig                      0x08004756   Section        0  stm32f4xx_hal_tim.o(i.TIM_TI3_SetConfig)
    TIM_TI3_SetConfig                        0x08004757   Thumb Code    56  stm32f4xx_hal_tim.o(i.TIM_TI3_SetConfig)
    i.TIM_TI4_SetConfig                      0x0800478e   Section        0  stm32f4xx_hal_tim.o(i.TIM_TI4_SetConfig)
    TIM_TI4_SetConfig                        0x0800478f   Thumb Code    60  stm32f4xx_hal_tim.o(i.TIM_TI4_SetConfig)
    i.UART_EndRxTransfer                     0x080047ca   Section        0  stm32f4xx_hal_uart.o(i.UART_EndRxTransfer)
    UART_EndRxTransfer                       0x080047cb   Thumb Code   108  stm32f4xx_hal_uart.o(i.UART_EndRxTransfer)
    i.UART_SetConfig                         0x08004838   Section        0  stm32f4xx_hal_uart.o(i.UART_SetConfig)
    UART_SetConfig                           0x08004839   Thumb Code   546  stm32f4xx_hal_uart.o(i.UART_SetConfig)
    i.UART_WaitOnFlagUntilTimeout            0x08004a64   Section        0  stm32f4xx_hal_uart.o(i.UART_WaitOnFlagUntilTimeout)
    UART_WaitOnFlagUntilTimeout              0x08004a65   Thumb Code   140  stm32f4xx_hal_uart.o(i.UART_WaitOnFlagUntilTimeout)
    i.UsageFault_Handler                     0x08004af0   Section        0  stm32f4xx_it.o(i.UsageFault_Handler)
    i.__ARM_fpclassify                       0x08004af4   Section        0  fpclassify.o(i.__ARM_fpclassify)
    i.__NVIC_GetPriorityGrouping             0x08004b24   Section        0  stm32f4xx_hal_cortex.o(i.__NVIC_GetPriorityGrouping)
    __NVIC_GetPriorityGrouping               0x08004b25   Thumb Code    10  stm32f4xx_hal_cortex.o(i.__NVIC_GetPriorityGrouping)
    i.__NVIC_SetPriority                     0x08004b34   Section        0  stm32f4xx_hal_cortex.o(i.__NVIC_SetPriority)
    __NVIC_SetPriority                       0x08004b35   Thumb Code    32  stm32f4xx_hal_cortex.o(i.__NVIC_SetPriority)
    i._is_digit                              0x08004b5c   Section        0  __printf_wp.o(i._is_digit)
    i.main                                   0x08004b6c   Section        0  main.o(i.main)
    i.sr04_trigger_measurement               0x08004bbc   Section        0  sr04.o(i.sr04_trigger_measurement)
    locale$$code                             0x08004bd8   Section       44  lc_numeric_c.o(locale$$code)
    x$fpl$d2f                                0x08004c04   Section       98  d2f.o(x$fpl$d2f)
    $v0                                      0x08004c04   Number         0  d2f.o(x$fpl$d2f)
    x$fpl$ddiv                               0x08004c68   Section      688  ddiv.o(x$fpl$ddiv)
    $v0                                      0x08004c68   Number         0  ddiv.o(x$fpl$ddiv)
    ddiv_entry                               0x08004c6f   Thumb Code     0  ddiv.o(x$fpl$ddiv)
    x$fpl$dfltu                              0x08004f18   Section       38  dflt_clz.o(x$fpl$dfltu)
    $v0                                      0x08004f18   Number         0  dflt_clz.o(x$fpl$dfltu)
    x$fpl$dmul                               0x08004f40   Section      340  dmul.o(x$fpl$dmul)
    $v0                                      0x08004f40   Number         0  dmul.o(x$fpl$dmul)
    x$fpl$dnaninf                            0x08005094   Section      156  dnaninf.o(x$fpl$dnaninf)
    $v0                                      0x08005094   Number         0  dnaninf.o(x$fpl$dnaninf)
    x$fpl$dretinf                            0x08005130   Section       12  dretinf.o(x$fpl$dretinf)
    $v0                                      0x08005130   Number         0  dretinf.o(x$fpl$dretinf)
    x$fpl$f2d                                0x0800513c   Section       86  f2d.o(x$fpl$f2d)
    $v0                                      0x0800513c   Number         0  f2d.o(x$fpl$f2d)
    x$fpl$fnaninf                            0x08005192   Section      140  fnaninf.o(x$fpl$fnaninf)
    $v0                                      0x08005192   Number         0  fnaninf.o(x$fpl$fnaninf)
    x$fpl$fpinit                             0x0800521e   Section       10  fpinit.o(x$fpl$fpinit)
    $v0                                      0x0800521e   Number         0  fpinit.o(x$fpl$fpinit)
    x$fpl$fretinf                            0x08005228   Section       10  fretinf.o(x$fpl$fretinf)
    $v0                                      0x08005228   Number         0  fretinf.o(x$fpl$fretinf)
    x$fpl$printf1                            0x08005232   Section        4  printf1.o(x$fpl$printf1)
    $v0                                      0x08005232   Number         0  printf1.o(x$fpl$printf1)
    .constdata                               0x08005236   Section        8  stm32f4xx_hal_dma.o(.constdata)
    x$fpl$usenofp                            0x08005236   Section        0  usenofp.o(x$fpl$usenofp)
    flagBitshiftOffset                       0x08005236   Data           8  stm32f4xx_hal_dma.o(.constdata)
    .constdata                               0x0800523e   Section       24  system_stm32f4xx.o(.constdata)
    .constdata                               0x08005256   Section     2660  font.o(.constdata)
    .constdata                               0x08005cbc   Section      148  bigflt0.o(.constdata)
    tenpwrs_x                                0x08005cbc   Data          60  bigflt0.o(.constdata)
    tenpwrs_i                                0x08005cf8   Data          64  bigflt0.o(.constdata)
    locale$$data                             0x08005d70   Section       28  lc_numeric_c.o(locale$$data)
    __lcnum_c_name                           0x08005d74   Data           2  lc_numeric_c.o(locale$$data)
    __lcnum_c_start                          0x08005d7c   Data           0  lc_numeric_c.o(locale$$data)
    __lcnum_c_point                          0x08005d88   Data           0  lc_numeric_c.o(locale$$data)
    __lcnum_c_thousands                      0x08005d8a   Data           0  lc_numeric_c.o(locale$$data)
    __lcnum_c_grouping                       0x08005d8b   Data           0  lc_numeric_c.o(locale$$data)
    __lcnum_c_end                            0x08005d8c   Data           0  lc_numeric_c.o(locale$$data)
    .data                                    0x20000000   Section       13  main.o(.data)
    .data                                    0x20000010   Section        8  dcmi.o(.data)
    i                                        0x20000014   Data           4  dcmi.o(.data)
    .data                                    0x20000018   Section        9  stm32f4xx_hal.o(.data)
    .data                                    0x20000024   Section        4  system_stm32f4xx.o(.data)
    .data                                    0x20000028   Section        4  lcd.o(.data)
    .data                                    0x2000002c   Section       16  sr04.o(.data)
    .bss                                     0x2000003c   Section      160  dcmi.o(.bss)
    .bss                                     0x200000dc   Section       88  spi.o(.bss)
    .bss                                     0x20000134   Section      216  tim.o(.bss)
    .bss                                     0x2000020c   Section       72  usart.o(.bss)
    .bss                                     0x20000254   Section    19200  ov2640.o(.bss)
    .bss                                     0x20004d54   Section       96  libspace.o(.bss)
    HEAP                                     0x20004db8   Section      512  startup_stm32f407xx.o(HEAP)
    Heap_Mem                                 0x20004db8   Data         512  startup_stm32f407xx.o(HEAP)
    STACK                                    0x20004fb8   Section     1024  startup_stm32f407xx.o(STACK)
    Stack_Mem                                0x20004fb8   Data        1024  startup_stm32f407xx.o(STACK)
    __initial_sp                             0x200053b8   Data           0  startup_stm32f407xx.o(STACK)

    Global Symbols

    Symbol Name                              Value     Ov Type        Size  Object(Section)

    BuildAttributes$$THM_ISAv4$E$P$D$K$B$S$7EM$VFPi3$EXTD16$VFPS$VFMA$PE$A:L22UL41UL21$X:L11$S22US41US21$IEEE1$IW$USESV6$~STKCKD$USESV7$~SHL$OTIME$ROPI$IEEEJ$EBA8$UX$STANDARDLIB$REQ8$PRES8$EABIv2 0x00000000   Number         0  anon$$obj.o ABSOLUTE
    __ARM_use_no_argv                        0x00000000   Number         0  main.o ABSOLUTE
    _printf_flags                            0x00000000   Number         0  printf_stubs.o ABSOLUTE
    _printf_return_value                     0x00000000   Number         0  printf_stubs.o ABSOLUTE
    _printf_sizespec                         0x00000000   Number         0  printf_stubs.o ABSOLUTE
    _printf_widthprec                        0x00000000   Number         0  printf_stubs.o ABSOLUTE
    __ARM_exceptions_init                     - Undefined Weak Reference
    __alloca_initialize                       - Undefined Weak Reference
    __arm_preinit_                            - Undefined Weak Reference
    __cpp_initialize__aeabi_                  - Undefined Weak Reference
    __cxa_finalize                            - Undefined Weak Reference
    __sigvec_lookup                           - Undefined Weak Reference
    _atexit_init                              - Undefined Weak Reference
    _call_atexit_fns                          - Undefined Weak Reference
    _clock_init                               - Undefined Weak Reference
    _fp_trap_init                             - Undefined Weak Reference
    _fp_trap_shutdown                         - Undefined Weak Reference
    _get_lc_collate                           - Undefined Weak Reference
    _get_lc_ctype                             - Undefined Weak Reference
    _get_lc_monetary                          - Undefined Weak Reference
    _get_lc_time                              - Undefined Weak Reference
    _getenv_init                              - Undefined Weak Reference
    _handle_redirection                       - Undefined Weak Reference
    _init_alloc                               - Undefined Weak Reference
    _init_user_alloc                          - Undefined Weak Reference
    _initio                                   - Undefined Weak Reference
    _printf_post_padding                      - Undefined Weak Reference
    _printf_pre_padding                       - Undefined Weak Reference
    _printf_truncate_signed                   - Undefined Weak Reference
    _printf_truncate_unsigned                 - Undefined Weak Reference
    _rand_init                                - Undefined Weak Reference
    _signal_finish                            - Undefined Weak Reference
    _signal_init                              - Undefined Weak Reference
    _terminate_alloc                          - Undefined Weak Reference
    _terminate_user_alloc                     - Undefined Weak Reference
    _terminateio                              - Undefined Weak Reference
    __Vectors_Size                           0x00000188   Number         0  startup_stm32f407xx.o ABSOLUTE
    __Vectors                                0x08000000   Data           4  startup_stm32f407xx.o(RESET)
    __Vectors_End                            0x08000188   Data           0  startup_stm32f407xx.o(RESET)
    __main                                   0x08000189   Thumb Code     8  __main.o(!!!main)
    __scatterload                            0x08000191   Thumb Code     0  __scatter.o(!!!scatter)
    __scatterload_rt2                        0x08000191   Thumb Code    44  __scatter.o(!!!scatter)
    __scatterload_rt2_thumb_only             0x08000191   Thumb Code     0  __scatter.o(!!!scatter)
    __scatterload_null                       0x0800019f   Thumb Code     0  __scatter.o(!!!scatter)
    __scatterload_copy                       0x080001c5   Thumb Code    26  __scatter_copy.o(!!handler_copy)
    __scatterload_zeroinit                   0x080001e1   Thumb Code    28  __scatter_zi.o(!!handler_zi)
    _printf_f                                0x080001fd   Thumb Code     0  _printf_f.o(.ARM.Collect$$_printf_percent$$00000003)
    _printf_percent                          0x080001fd   Thumb Code     0  _printf_percent.o(.ARM.Collect$$_printf_percent$$00000000)
    _printf_d                                0x08000203   Thumb Code     0  _printf_d.o(.ARM.Collect$$_printf_percent$$00000009)
    _printf_percent_end                      0x08000209   Thumb Code     0  _printf_percent_end.o(.ARM.Collect$$_printf_percent$$00000017)
    __rt_lib_init                            0x0800020d   Thumb Code     0  libinit.o(.ARM.Collect$$libinit$$00000000)
    __rt_lib_init_fp_1                       0x0800020f   Thumb Code     0  libinit2.o(.ARM.Collect$$libinit$$00000001)
    __rt_lib_init_heap_1                     0x08000213   Thumb Code     0  libinit2.o(.ARM.Collect$$libinit$$0000000A)
    __rt_lib_init_lc_common                  0x08000213   Thumb Code     0  libinit2.o(.ARM.Collect$$libinit$$0000000F)
    __rt_lib_init_preinit_1                  0x08000213   Thumb Code     0  libinit2.o(.ARM.Collect$$libinit$$00000004)
    __rt_lib_init_rand_1                     0x08000213   Thumb Code     0  libinit2.o(.ARM.Collect$$libinit$$0000000E)
    __rt_lib_init_user_alloc_1               0x08000213   Thumb Code     0  libinit2.o(.ARM.Collect$$libinit$$0000000C)
    __rt_lib_init_lc_collate_1               0x08000219   Thumb Code     0  libinit2.o(.ARM.Collect$$libinit$$00000011)
    __rt_lib_init_lc_ctype_1                 0x08000219   Thumb Code     0  libinit2.o(.ARM.Collect$$libinit$$00000013)
    __rt_lib_init_lc_monetary_1              0x08000219   Thumb Code     0  libinit2.o(.ARM.Collect$$libinit$$00000015)
    __rt_lib_init_lc_numeric_2               0x08000219   Thumb Code     0  libinit2.o(.ARM.Collect$$libinit$$00000016)
    __rt_lib_init_alloca_1                   0x08000223   Thumb Code     0  libinit2.o(.ARM.Collect$$libinit$$0000002E)
    __rt_lib_init_argv_1                     0x08000223   Thumb Code     0  libinit2.o(.ARM.Collect$$libinit$$0000002C)
    __rt_lib_init_atexit_1                   0x08000223   Thumb Code     0  libinit2.o(.ARM.Collect$$libinit$$0000001B)
    __rt_lib_init_clock_1                    0x08000223   Thumb Code     0  libinit2.o(.ARM.Collect$$libinit$$00000021)
    __rt_lib_init_cpp_1                      0x08000223   Thumb Code     0  libinit2.o(.ARM.Collect$$libinit$$00000032)
    __rt_lib_init_exceptions_1               0x08000223   Thumb Code     0  libinit2.o(.ARM.Collect$$libinit$$00000030)
    __rt_lib_init_fp_trap_1                  0x08000223   Thumb Code     0  libinit2.o(.ARM.Collect$$libinit$$0000001F)
    __rt_lib_init_getenv_1                   0x08000223   Thumb Code     0  libinit2.o(.ARM.Collect$$libinit$$00000023)
    __rt_lib_init_lc_numeric_1               0x08000223   Thumb Code     0  libinit2.o(.ARM.Collect$$libinit$$00000017)
    __rt_lib_init_lc_time_1                  0x08000223   Thumb Code     0  libinit2.o(.ARM.Collect$$libinit$$00000019)
    __rt_lib_init_return                     0x08000223   Thumb Code     0  libinit2.o(.ARM.Collect$$libinit$$00000033)
    __rt_lib_init_signal_1                   0x08000223   Thumb Code     0  libinit2.o(.ARM.Collect$$libinit$$0000001D)
    __rt_lib_init_stdio_1                    0x08000223   Thumb Code     0  libinit2.o(.ARM.Collect$$libinit$$00000025)
    __rt_lib_shutdown                        0x08000225   Thumb Code     0  libshutdown.o(.ARM.Collect$$libshutdown$$00000000)
    __rt_lib_shutdown_cpp_1                  0x08000227   Thumb Code     0  libshutdown2.o(.ARM.Collect$$libshutdown$$00000002)
    __rt_lib_shutdown_fp_trap_1              0x08000227   Thumb Code     0  libshutdown2.o(.ARM.Collect$$libshutdown$$00000007)
    __rt_lib_shutdown_heap_1                 0x08000227   Thumb Code     0  libshutdown2.o(.ARM.Collect$$libshutdown$$0000000F)
    __rt_lib_shutdown_return                 0x08000227   Thumb Code     0  libshutdown2.o(.ARM.Collect$$libshutdown$$00000010)
    __rt_lib_shutdown_signal_1               0x08000227   Thumb Code     0  libshutdown2.o(.ARM.Collect$$libshutdown$$0000000A)
    __rt_lib_shutdown_stdio_1                0x08000227   Thumb Code     0  libshutdown2.o(.ARM.Collect$$libshutdown$$00000004)
    __rt_lib_shutdown_user_alloc_1           0x08000227   Thumb Code     0  libshutdown2.o(.ARM.Collect$$libshutdown$$0000000C)
    __rt_entry                               0x08000229   Thumb Code     0  __rtentry.o(.ARM.Collect$$rtentry$$00000000)
    __rt_entry_presh_1                       0x08000229   Thumb Code     0  __rtentry2.o(.ARM.Collect$$rtentry$$00000002)
    __rt_entry_sh                            0x08000229   Thumb Code     0  __rtentry4.o(.ARM.Collect$$rtentry$$00000004)
    __rt_entry_li                            0x0800022f   Thumb Code     0  __rtentry2.o(.ARM.Collect$$rtentry$$0000000A)
    __rt_entry_postsh_1                      0x0800022f   Thumb Code     0  __rtentry2.o(.ARM.Collect$$rtentry$$00000009)
    __rt_entry_main                          0x08000233   Thumb Code     0  __rtentry2.o(.ARM.Collect$$rtentry$$0000000D)
    __rt_entry_postli_1                      0x08000233   Thumb Code     0  __rtentry2.o(.ARM.Collect$$rtentry$$0000000C)
    __rt_exit                                0x0800023b   Thumb Code     0  rtexit.o(.ARM.Collect$$rtexit$$00000000)
    __rt_exit_ls                             0x0800023d   Thumb Code     0  rtexit2.o(.ARM.Collect$$rtexit$$00000003)
    __rt_exit_prels_1                        0x0800023d   Thumb Code     0  rtexit2.o(.ARM.Collect$$rtexit$$00000002)
    __rt_exit_exit                           0x08000241   Thumb Code     0  rtexit2.o(.ARM.Collect$$rtexit$$00000004)
    Reset_Handler                            0x08000249   Thumb Code     8  startup_stm32f407xx.o(.text)
    ADC_IRQHandler                           0x08000263   Thumb Code     0  startup_stm32f407xx.o(.text)
    CAN1_RX0_IRQHandler                      0x08000263   Thumb Code     0  startup_stm32f407xx.o(.text)
    CAN1_RX1_IRQHandler                      0x08000263   Thumb Code     0  startup_stm32f407xx.o(.text)
    CAN1_SCE_IRQHandler                      0x08000263   Thumb Code     0  startup_stm32f407xx.o(.text)
    CAN1_TX_IRQHandler                       0x08000263   Thumb Code     0  startup_stm32f407xx.o(.text)
    CAN2_RX0_IRQHandler                      0x08000263   Thumb Code     0  startup_stm32f407xx.o(.text)
    CAN2_RX1_IRQHandler                      0x08000263   Thumb Code     0  startup_stm32f407xx.o(.text)
    CAN2_SCE_IRQHandler                      0x08000263   Thumb Code     0  startup_stm32f407xx.o(.text)
    CAN2_TX_IRQHandler                       0x08000263   Thumb Code     0  startup_stm32f407xx.o(.text)
    DMA1_Stream0_IRQHandler                  0x08000263   Thumb Code     0  startup_stm32f407xx.o(.text)
    DMA1_Stream1_IRQHandler                  0x08000263   Thumb Code     0  startup_stm32f407xx.o(.text)
    DMA1_Stream2_IRQHandler                  0x08000263   Thumb Code     0  startup_stm32f407xx.o(.text)
    DMA1_Stream3_IRQHandler                  0x08000263   Thumb Code     0  startup_stm32f407xx.o(.text)
    DMA1_Stream4_IRQHandler                  0x08000263   Thumb Code     0  startup_stm32f407xx.o(.text)
    DMA1_Stream5_IRQHandler                  0x08000263   Thumb Code     0  startup_stm32f407xx.o(.text)
    DMA1_Stream6_IRQHandler                  0x08000263   Thumb Code     0  startup_stm32f407xx.o(.text)
    DMA1_Stream7_IRQHandler                  0x08000263   Thumb Code     0  startup_stm32f407xx.o(.text)
    DMA2_Stream0_IRQHandler                  0x08000263   Thumb Code     0  startup_stm32f407xx.o(.text)
    DMA2_Stream2_IRQHandler                  0x08000263   Thumb Code     0  startup_stm32f407xx.o(.text)
    DMA2_Stream3_IRQHandler                  0x08000263   Thumb Code     0  startup_stm32f407xx.o(.text)
    DMA2_Stream4_IRQHandler                  0x08000263   Thumb Code     0  startup_stm32f407xx.o(.text)
    DMA2_Stream5_IRQHandler                  0x08000263   Thumb Code     0  startup_stm32f407xx.o(.text)
    DMA2_Stream6_IRQHandler                  0x08000263   Thumb Code     0  startup_stm32f407xx.o(.text)
    DMA2_Stream7_IRQHandler                  0x08000263   Thumb Code     0  startup_stm32f407xx.o(.text)
    ETH_IRQHandler                           0x08000263   Thumb Code     0  startup_stm32f407xx.o(.text)
    ETH_WKUP_IRQHandler                      0x08000263   Thumb Code     0  startup_stm32f407xx.o(.text)
    EXTI0_IRQHandler                         0x08000263   Thumb Code     0  startup_stm32f407xx.o(.text)
    EXTI15_10_IRQHandler                     0x08000263   Thumb Code     0  startup_stm32f407xx.o(.text)
    EXTI1_IRQHandler                         0x08000263   Thumb Code     0  startup_stm32f407xx.o(.text)
    EXTI2_IRQHandler                         0x08000263   Thumb Code     0  startup_stm32f407xx.o(.text)
    EXTI3_IRQHandler                         0x08000263   Thumb Code     0  startup_stm32f407xx.o(.text)
    EXTI4_IRQHandler                         0x08000263   Thumb Code     0  startup_stm32f407xx.o(.text)
    FLASH_IRQHandler                         0x08000263   Thumb Code     0  startup_stm32f407xx.o(.text)
    FMC_IRQHandler                           0x08000263   Thumb Code     0  startup_stm32f407xx.o(.text)
    FPU_IRQHandler                           0x08000263   Thumb Code     0  startup_stm32f407xx.o(.text)
    HASH_RNG_IRQHandler                      0x08000263   Thumb Code     0  startup_stm32f407xx.o(.text)
    I2C1_ER_IRQHandler                       0x08000263   Thumb Code     0  startup_stm32f407xx.o(.text)
    I2C1_EV_IRQHandler                       0x08000263   Thumb Code     0  startup_stm32f407xx.o(.text)
    I2C2_ER_IRQHandler                       0x08000263   Thumb Code     0  startup_stm32f407xx.o(.text)
    I2C2_EV_IRQHandler                       0x08000263   Thumb Code     0  startup_stm32f407xx.o(.text)
    I2C3_ER_IRQHandler                       0x08000263   Thumb Code     0  startup_stm32f407xx.o(.text)
    I2C3_EV_IRQHandler                       0x08000263   Thumb Code     0  startup_stm32f407xx.o(.text)
    OTG_FS_IRQHandler                        0x08000263   Thumb Code     0  startup_stm32f407xx.o(.text)
    OTG_FS_WKUP_IRQHandler                   0x08000263   Thumb Code     0  startup_stm32f407xx.o(.text)
    OTG_HS_EP1_IN_IRQHandler                 0x08000263   Thumb Code     0  startup_stm32f407xx.o(.text)
    OTG_HS_EP1_OUT_IRQHandler                0x08000263   Thumb Code     0  startup_stm32f407xx.o(.text)
    OTG_HS_IRQHandler                        0x08000263   Thumb Code     0  startup_stm32f407xx.o(.text)
    OTG_HS_WKUP_IRQHandler                   0x08000263   Thumb Code     0  startup_stm32f407xx.o(.text)
    PVD_IRQHandler                           0x08000263   Thumb Code     0  startup_stm32f407xx.o(.text)
    RCC_IRQHandler                           0x08000263   Thumb Code     0  startup_stm32f407xx.o(.text)
    RTC_Alarm_IRQHandler                     0x08000263   Thumb Code     0  startup_stm32f407xx.o(.text)
    RTC_WKUP_IRQHandler                      0x08000263   Thumb Code     0  startup_stm32f407xx.o(.text)
    SDIO_IRQHandler                          0x08000263   Thumb Code     0  startup_stm32f407xx.o(.text)
    SPI1_IRQHandler                          0x08000263   Thumb Code     0  startup_stm32f407xx.o(.text)
    SPI2_IRQHandler                          0x08000263   Thumb Code     0  startup_stm32f407xx.o(.text)
    SPI3_IRQHandler                          0x08000263   Thumb Code     0  startup_stm32f407xx.o(.text)
    TAMP_STAMP_IRQHandler                    0x08000263   Thumb Code     0  startup_stm32f407xx.o(.text)
    TIM1_BRK_TIM9_IRQHandler                 0x08000263   Thumb Code     0  startup_stm32f407xx.o(.text)
    TIM1_TRG_COM_TIM11_IRQHandler            0x08000263   Thumb Code     0  startup_stm32f407xx.o(.text)
    TIM1_UP_TIM10_IRQHandler                 0x08000263   Thumb Code     0  startup_stm32f407xx.o(.text)
    TIM4_IRQHandler                          0x08000263   Thumb Code     0  startup_stm32f407xx.o(.text)
    TIM5_IRQHandler                          0x08000263   Thumb Code     0  startup_stm32f407xx.o(.text)
    TIM6_DAC_IRQHandler                      0x08000263   Thumb Code     0  startup_stm32f407xx.o(.text)
    TIM7_IRQHandler                          0x08000263   Thumb Code     0  startup_stm32f407xx.o(.text)
    TIM8_BRK_TIM12_IRQHandler                0x08000263   Thumb Code     0  startup_stm32f407xx.o(.text)
    TIM8_CC_IRQHandler                       0x08000263   Thumb Code     0  startup_stm32f407xx.o(.text)
    TIM8_TRG_COM_TIM14_IRQHandler            0x08000263   Thumb Code     0  startup_stm32f407xx.o(.text)
    TIM8_UP_TIM13_IRQHandler                 0x08000263   Thumb Code     0  startup_stm32f407xx.o(.text)
    UART4_IRQHandler                         0x08000263   Thumb Code     0  startup_stm32f407xx.o(.text)
    UART5_IRQHandler                         0x08000263   Thumb Code     0  startup_stm32f407xx.o(.text)
    USART1_IRQHandler                        0x08000263   Thumb Code     0  startup_stm32f407xx.o(.text)
    USART2_IRQHandler                        0x08000263   Thumb Code     0  startup_stm32f407xx.o(.text)
    USART3_IRQHandler                        0x08000263   Thumb Code     0  startup_stm32f407xx.o(.text)
    USART6_IRQHandler                        0x08000263   Thumb Code     0  startup_stm32f407xx.o(.text)
    WWDG_IRQHandler                          0x08000263   Thumb Code     0  startup_stm32f407xx.o(.text)
    __user_initial_stackheap                 0x08000265   Thumb Code     0  startup_stm32f407xx.o(.text)
    __aeabi_uldivmod                         0x08000289   Thumb Code     0  lludivv7m.o(.text)
    _ll_udiv                                 0x08000289   Thumb Code   238  lludivv7m.o(.text)
    __2sprintf                               0x08000379   Thumb Code    34  noretval__2sprintf.o(.text)
    _printf_int_dec                          0x080003a1   Thumb Code   104  _printf_dec.o(.text)
    __printf                                 0x08000419   Thumb Code   270  __printf_wp.o(.text)
    __aeabi_memclr4                          0x08000527   Thumb Code     0  rt_memclr_w.o(.text)
    __aeabi_memclr8                          0x08000527   Thumb Code     0  rt_memclr_w.o(.text)
    __rt_memclr_w                            0x08000527   Thumb Code    78  rt_memclr_w.o(.text)
    _memset_w                                0x0800052b   Thumb Code     0  rt_memclr_w.o(.text)
    __use_two_region_memory                  0x08000575   Thumb Code     2  heapauxi.o(.text)
    __rt_heap_escrow$2region                 0x08000577   Thumb Code     2  heapauxi.o(.text)
    __rt_heap_expand$2region                 0x08000579   Thumb Code     2  heapauxi.o(.text)
    _printf_int_common                       0x0800057b   Thumb Code   178  _printf_intcommon.o(.text)
    __lib_sel_fp_printf                      0x0800062d   Thumb Code     2  _printf_fp_dec.o(.text)
    _printf_fp_dec_real                      0x080007df   Thumb Code   620  _printf_fp_dec.o(.text)
    _printf_char_common                      0x08000a57   Thumb Code    32  _printf_char_common.o(.text)
    _sputc                                   0x08000a7d   Thumb Code    10  _sputc.o(.text)
    __rt_locale                              0x08000a89   Thumb Code     8  rt_locale_intlibspace.o(.text)
    _ll_udiv10                               0x08000a91   Thumb Code   138  lludiv10.o(.text)
    _printf_fp_infnan                        0x08000b1d   Thumb Code   112  _printf_fp_infnan.o(.text)
    _btod_etento                             0x08000b9d   Thumb Code   224  bigflt0.o(.text)
    __user_libspace                          0x08000c81   Thumb Code     8  libspace.o(.text)
    __user_perproc_libspace                  0x08000c81   Thumb Code     0  libspace.o(.text)
    __user_perthread_libspace                0x08000c81   Thumb Code     0  libspace.o(.text)
    __user_setup_stackheap                   0x08000c89   Thumb Code    74  sys_stackheap_outer.o(.text)
    exit                                     0x08000cd3   Thumb Code    18  exit.o(.text)
    strcmp                                   0x08000ce5   Thumb Code   128  strcmpv7m.o(.text)
    _sys_exit                                0x08000d65   Thumb Code     8  sys_exit.o(.text)
    __I$use$semihosting                      0x08000d71   Thumb Code     0  use_no_semi.o(.text)
    __use_no_semihosting_swi                 0x08000d71   Thumb Code     2  use_no_semi.o(.text)
    __semihosting_library_function           0x08000d73   Thumb Code     0  indicate_semi.o(.text)
    _btod_d2e                                0x08000d73   Thumb Code    62  btod.o(CL$$btod_d2e)
    _d2e_denorm_low                          0x08000db1   Thumb Code    70  btod.o(CL$$btod_d2e_denorm_low)
    _d2e_norm_op1                            0x08000df7   Thumb Code    96  btod.o(CL$$btod_d2e_norm_op1)
    __btod_div_common                        0x08000e57   Thumb Code   696  btod.o(CL$$btod_div_common)
    _e2e                                     0x0800118f   Thumb Code   220  btod.o(CL$$btod_e2e)
    _btod_ediv                               0x0800126b   Thumb Code    42  btod.o(CL$$btod_ediv)
    _btod_emul                               0x08001295   Thumb Code    42  btod.o(CL$$btod_emul)
    __btod_mult_common                       0x080012bf   Thumb Code   580  btod.o(CL$$btod_mult_common)
    BusFault_Handler                         0x08001503   Thumb Code     4  stm32f4xx_it.o(i.BusFault_Handler)
    DCMI_IRQHandler                          0x08001525   Thumb Code    10  stm32f4xx_it.o(i.DCMI_IRQHandler)
    DMA2_Stream1_IRQHandler                  0x08001535   Thumb Code    10  stm32f4xx_it.o(i.DMA2_Stream1_IRQHandler)
    DebugMon_Handler                         0x08001623   Thumb Code     2  stm32f4xx_it.o(i.DebugMon_Handler)
    EXTI9_5_IRQHandler                       0x08001625   Thumb Code    10  stm32f4xx_it.o(i.EXTI9_5_IRQHandler)
    Error_Handler                            0x0800162f   Thumb Code     6  main.o(i.Error_Handler)
    HAL_DCMI_ErrorCallback                   0x08001635   Thumb Code     2  stm32f4xx_hal_dcmi.o(i.HAL_DCMI_ErrorCallback)
    HAL_DCMI_FrameEventCallback              0x08001639   Thumb Code    76  dcmi.o(i.HAL_DCMI_FrameEventCallback)
    HAL_DCMI_IRQHandler                      0x080016a1   Thumb Code   186  stm32f4xx_hal_dcmi.o(i.HAL_DCMI_IRQHandler)
    HAL_DCMI_Init                            0x08001761   Thumb Code   146  stm32f4xx_hal_dcmi_ex.o(i.HAL_DCMI_Init)
    HAL_DCMI_LineEventCallback               0x080017f3   Thumb Code     2  stm32f4xx_hal_dcmi.o(i.HAL_DCMI_LineEventCallback)
    HAL_DCMI_MspInit                         0x080017f5   Thumb Code   390  dcmi.o(i.HAL_DCMI_MspInit)
    HAL_DCMI_Stop                            0x0800199d   Thumb Code   136  stm32f4xx_hal_dcmi.o(i.HAL_DCMI_Stop)
    HAL_DCMI_VsyncEventCallback              0x08001a29   Thumb Code     2  stm32f4xx_hal_dcmi.o(i.HAL_DCMI_VsyncEventCallback)
    HAL_DMA_Abort                            0x08001a2b   Thumb Code   172  stm32f4xx_hal_dma.o(i.HAL_DMA_Abort)
    HAL_DMA_Abort_IT                         0x08001ad7   Thumb Code    40  stm32f4xx_hal_dma.o(i.HAL_DMA_Abort_IT)
    HAL_DMA_IRQHandler                       0x08001b01   Thumb Code   570  stm32f4xx_hal_dma.o(i.HAL_DMA_IRQHandler)
    HAL_DMA_Init                             0x08001d41   Thumb Code   232  stm32f4xx_hal_dma.o(i.HAL_DMA_Init)
    HAL_Delay                                0x08001e2d   Thumb Code    36  stm32f4xx_hal.o(i.HAL_Delay)
    HAL_GPIO_EXTI_Callback                   0x08001e55   Thumb Code     2  gpio.o(i.HAL_GPIO_EXTI_Callback)
    HAL_GPIO_EXTI_IRQHandler                 0x08001e59   Thumb Code    24  stm32f4xx_hal_gpio.o(i.HAL_GPIO_EXTI_IRQHandler)
    HAL_GPIO_Init                            0x08001e75   Thumb Code   454  stm32f4xx_hal_gpio.o(i.HAL_GPIO_Init)
    HAL_GPIO_WritePin                        0x08002069   Thumb Code    12  stm32f4xx_hal_gpio.o(i.HAL_GPIO_WritePin)
    HAL_GetTick                              0x08002075   Thumb Code     6  stm32f4xx_hal.o(i.HAL_GetTick)
    HAL_IncTick                              0x08002081   Thumb Code    16  stm32f4xx_hal.o(i.HAL_IncTick)
    HAL_Init                                 0x08002099   Thumb Code    54  stm32f4xx_hal.o(i.HAL_Init)
    HAL_InitTick                             0x080020d5   Thumb Code    64  stm32f4xx_hal.o(i.HAL_InitTick)
    HAL_MspInit                              0x08002121   Thumb Code    68  stm32f4xx_hal_msp.o(i.HAL_MspInit)
    HAL_NVIC_EnableIRQ                       0x08002169   Thumb Code    40  stm32f4xx_hal_cortex.o(i.HAL_NVIC_EnableIRQ)
    HAL_NVIC_SetPriority                     0x08002191   Thumb Code   124  stm32f4xx_hal_cortex.o(i.HAL_NVIC_SetPriority)
    HAL_NVIC_SetPriorityGrouping             0x0800220d   Thumb Code    32  stm32f4xx_hal_cortex.o(i.HAL_NVIC_SetPriorityGrouping)
    HAL_RCC_ClockConfig                      0x08002235   Thumb Code   368  stm32f4xx_hal_rcc.o(i.HAL_RCC_ClockConfig)
    HAL_RCC_GetHCLKFreq                      0x080023b9   Thumb Code     6  stm32f4xx_hal_rcc.o(i.HAL_RCC_GetHCLKFreq)
    HAL_RCC_GetPCLK1Freq                     0x080023c5   Thumb Code    22  stm32f4xx_hal_rcc.o(i.HAL_RCC_GetPCLK1Freq)
    HAL_RCC_GetPCLK2Freq                     0x080023e5   Thumb Code    22  stm32f4xx_hal_rcc.o(i.HAL_RCC_GetPCLK2Freq)
    HAL_RCC_GetSysClockFreq                  0x08002405   Thumb Code   162  stm32f4xx_hal_rcc.o(i.HAL_RCC_GetSysClockFreq)
    HAL_RCC_OscConfig                        0x080024b5   Thumb Code  1172  stm32f4xx_hal_rcc.o(i.HAL_RCC_OscConfig)
    HAL_SPI_Init                             0x08002951   Thumb Code   200  stm32f4xx_hal_spi.o(i.HAL_SPI_Init)
    HAL_SPI_MspInit                          0x08002a19   Thumb Code   124  spi.o(i.HAL_SPI_MspInit)
    HAL_SPI_Transmit                         0x08002aa1   Thumb Code   446  stm32f4xx_hal_spi.o(i.HAL_SPI_Transmit)
    HAL_SYSTICK_Config                       0x08002c5f   Thumb Code    52  stm32f4xx_hal_cortex.o(i.HAL_SYSTICK_Config)
    HAL_TIMEx_BreakCallback                  0x08002c93   Thumb Code     2  stm32f4xx_hal_tim_ex.o(i.HAL_TIMEx_BreakCallback)
    HAL_TIMEx_CommutCallback                 0x08002c95   Thumb Code     2  stm32f4xx_hal_tim_ex.o(i.HAL_TIMEx_CommutCallback)
    HAL_TIMEx_MasterConfigSynchronization    0x08002c99   Thumb Code   150  stm32f4xx_hal_tim_ex.o(i.HAL_TIMEx_MasterConfigSynchronization)
    HAL_TIM_Base_Init                        0x08002d4d   Thumb Code   102  stm32f4xx_hal_tim.o(i.HAL_TIM_Base_Init)
    HAL_TIM_Base_MspInit                     0x08002db5   Thumb Code   120  tim.o(i.HAL_TIM_Base_MspInit)
    HAL_TIM_Base_Start_IT                    0x08002e35   Thumb Code   138  stm32f4xx_hal_tim.o(i.HAL_TIM_Base_Start_IT)
    HAL_TIM_Base_Stop_IT                     0x08002edd   Thumb Code    62  stm32f4xx_hal_tim.o(i.HAL_TIM_Base_Stop_IT)
    HAL_TIM_ConfigClockSource                0x08002f1b   Thumb Code   268  stm32f4xx_hal_tim.o(i.HAL_TIM_ConfigClockSource)
    HAL_TIM_IC_CaptureCallback               0x08003029   Thumb Code   208  sr04.o(i.HAL_TIM_IC_CaptureCallback)
    HAL_TIM_IC_ConfigChannel                 0x08003129   Thumb Code   222  stm32f4xx_hal_tim.o(i.HAL_TIM_IC_ConfigChannel)
    HAL_TIM_IC_Init                          0x08003207   Thumb Code   102  stm32f4xx_hal_tim.o(i.HAL_TIM_IC_Init)
    HAL_TIM_IC_MspInit                       0x0800326d   Thumb Code   136  tim.o(i.HAL_TIM_IC_MspInit)
    HAL_TIM_IC_Start_IT                      0x08003301   Thumb Code   372  stm32f4xx_hal_tim.o(i.HAL_TIM_IC_Start_IT)
    HAL_TIM_IC_Stop_IT                       0x08003491   Thumb Code   222  stm32f4xx_hal_tim.o(i.HAL_TIM_IC_Stop_IT)
    HAL_TIM_IRQHandler                       0x0800356f   Thumb Code   364  stm32f4xx_hal_tim.o(i.HAL_TIM_IRQHandler)
    HAL_TIM_OC_DelayElapsedCallback          0x080036db   Thumb Code     2  stm32f4xx_hal_tim.o(i.HAL_TIM_OC_DelayElapsedCallback)
    HAL_TIM_PWM_PulseFinishedCallback        0x080036dd   Thumb Code     2  stm32f4xx_hal_tim.o(i.HAL_TIM_PWM_PulseFinishedCallback)
    HAL_TIM_PeriodElapsedCallback            0x080036e1   Thumb Code    86  tim.o(i.HAL_TIM_PeriodElapsedCallback)
    HAL_TIM_ReadCapturedValue                0x08003749   Thumb Code    50  stm32f4xx_hal_tim.o(i.HAL_TIM_ReadCapturedValue)
    HAL_TIM_TriggerCallback                  0x0800377b   Thumb Code     2  stm32f4xx_hal_tim.o(i.HAL_TIM_TriggerCallback)
    HAL_UART_Init                            0x0800377d   Thumb Code   118  stm32f4xx_hal_uart.o(i.HAL_UART_Init)
    HAL_UART_MspInit                         0x080037f5   Thumb Code   124  usart.o(i.HAL_UART_MspInit)
    HAL_UART_Transmit                        0x0800387d   Thumb Code   190  stm32f4xx_hal_uart.o(i.HAL_UART_Transmit)
    HardFault_Handler                        0x0800393b   Thumb Code     4  stm32f4xx_it.o(i.HardFault_Handler)
    ILI9341_DrawImage                        0x08003941   Thumb Code    94  lcd.o(i.ILI9341_DrawImage)
    ILI9341_DrawPixel                        0x080039a9   Thumb Code    42  lcd.o(i.ILI9341_DrawPixel)
    LCD_Fill                                 0x080039d3   Thumb Code    38  lcd.o(i.LCD_Fill)
    LCD_Init                                 0x080039f9   Thumb Code   540  lcd.o(i.LCD_Init)
    LCD_SetWindow                            0x08003c19   Thumb Code    82  lcd.o(i.LCD_SetWindow)
    LCD_ShowChar                             0x08003c6d   Thumb Code   270  lcd.o(i.LCD_ShowChar)
    LCD_ShowString                           0x08003d89   Thumb Code    84  lcd.o(i.LCD_ShowString)
    LCD_WriteCommand                         0x08003de5   Thumb Code    48  lcd.o(i.LCD_WriteCommand)
    LCD_WriteData                            0x08003e1d   Thumb Code    48  lcd.o(i.LCD_WriteData)
    LCD_WriteData16                          0x08003e55   Thumb Code    62  lcd.o(i.LCD_WriteData16)
    MX_DCMI_Init                             0x08003e9d   Thumb Code    58  dcmi.o(i.MX_DCMI_Init)
    MX_DMA_Init                              0x08003ee1   Thumb Code    52  dma.o(i.MX_DMA_Init)
    MX_GPIO_Init                             0x08003f19   Thumb Code   404  gpio.o(i.MX_GPIO_Init)
    MX_SPI3_Init                             0x080040c1   Thumb Code    60  spi.o(i.MX_SPI3_Init)
    MX_TIM1_Init                             0x08004105   Thumb Code   114  tim.o(i.MX_TIM1_Init)
    MX_TIM2_Init                             0x08004181   Thumb Code   106  tim.o(i.MX_TIM2_Init)
    MX_TIM3_Init                             0x080041f1   Thumb Code   100  tim.o(i.MX_TIM3_Init)
    MX_USART1_UART_Init                      0x0800425d   Thumb Code    46  usart.o(i.MX_USART1_UART_Init)
    MemManage_Handler                        0x08004295   Thumb Code     4  stm32f4xx_it.o(i.MemManage_Handler)
    NMI_Handler                              0x08004299   Thumb Code     4  stm32f4xx_it.o(i.NMI_Handler)
    OV2640_StopCapture                       0x0800429d   Thumb Code    10  ov2640.o(i.OV2640_StopCapture)
    PendSV_Handler                           0x080042ad   Thumb Code     2  stm32f4xx_it.o(i.PendSV_Handler)
    SVC_Handler                              0x08004411   Thumb Code     2  stm32f4xx_it.o(i.SVC_Handler)
    SysTick_Handler                          0x08004413   Thumb Code     8  stm32f4xx_it.o(i.SysTick_Handler)
    SystemClock_Config                       0x0800441d   Thumb Code   172  main.o(i.SystemClock_Config)
    SystemInit                               0x080044d1   Thumb Code    14  system_stm32f4xx.o(i.SystemInit)
    TIM1_CC_IRQHandler                       0x080044e5   Thumb Code    10  stm32f4xx_it.o(i.TIM1_CC_IRQHandler)
    TIM2_IRQHandler                          0x080044f5   Thumb Code    10  stm32f4xx_it.o(i.TIM2_IRQHandler)
    TIM3_IRQHandler                          0x08004505   Thumb Code    10  stm32f4xx_it.o(i.TIM3_IRQHandler)
    TIM_Base_SetConfig                       0x08004515   Thumb Code   178  stm32f4xx_hal_tim.o(i.TIM_Base_SetConfig)
    TIM_CCxChannelCmd                        0x080045f5   Thumb Code    34  stm32f4xx_hal_tim.o(i.TIM_CCxChannelCmd)
    TIM_ETR_SetConfig                        0x08004617   Thumb Code    22  stm32f4xx_hal_tim.o(i.TIM_ETR_SetConfig)
    TIM_TI1_SetConfig                        0x08004665   Thumb Code   114  stm32f4xx_hal_tim.o(i.TIM_TI1_SetConfig)
    UsageFault_Handler                       0x08004af1   Thumb Code     4  stm32f4xx_it.o(i.UsageFault_Handler)
    __ARM_fpclassify                         0x08004af5   Thumb Code    48  fpclassify.o(i.__ARM_fpclassify)
    _is_digit                                0x08004b5d   Thumb Code    14  __printf_wp.o(i._is_digit)
    main                                     0x08004b6d   Thumb Code    72  main.o(i.main)
    sr04_trigger_measurement                 0x08004bbd   Thumb Code    20  sr04.o(i.sr04_trigger_measurement)
    _get_lc_numeric                          0x08004bd9   Thumb Code    44  lc_numeric_c.o(locale$$code)
    __aeabi_d2f                              0x08004c05   Thumb Code     0  d2f.o(x$fpl$d2f)
    _d2f                                     0x08004c05   Thumb Code    98  d2f.o(x$fpl$d2f)
    __aeabi_ddiv                             0x08004c69   Thumb Code     0  ddiv.o(x$fpl$ddiv)
    _ddiv                                    0x08004c69   Thumb Code   552  ddiv.o(x$fpl$ddiv)
    __aeabi_ui2d                             0x08004f19   Thumb Code     0  dflt_clz.o(x$fpl$dfltu)
    _dfltu                                   0x08004f19   Thumb Code    38  dflt_clz.o(x$fpl$dfltu)
    __aeabi_dmul                             0x08004f41   Thumb Code     0  dmul.o(x$fpl$dmul)
    _dmul                                    0x08004f41   Thumb Code   332  dmul.o(x$fpl$dmul)
    __fpl_dnaninf                            0x08005095   Thumb Code   156  dnaninf.o(x$fpl$dnaninf)
    __fpl_dretinf                            0x08005131   Thumb Code    12  dretinf.o(x$fpl$dretinf)
    __aeabi_f2d                              0x0800513d   Thumb Code     0  f2d.o(x$fpl$f2d)
    _f2d                                     0x0800513d   Thumb Code    86  f2d.o(x$fpl$f2d)
    __fpl_fnaninf                            0x08005193   Thumb Code   140  fnaninf.o(x$fpl$fnaninf)
    _fp_init                                 0x0800521f   Thumb Code    10  fpinit.o(x$fpl$fpinit)
    __fplib_config_fpu_vfp                   0x08005227   Thumb Code     0  fpinit.o(x$fpl$fpinit)
    __fplib_config_pureend_doubles           0x08005227   Thumb Code     0  fpinit.o(x$fpl$fpinit)
    __fpl_fretinf                            0x08005229   Thumb Code    10  fretinf.o(x$fpl$fretinf)
    _printf_fp_dec                           0x08005233   Thumb Code     4  printf1.o(x$fpl$printf1)
    __I$use$fp                               0x08005236   Number         0  usenofp.o(x$fpl$usenofp)
    AHBPrescTable                            0x0800523e   Data          16  system_stm32f4xx.o(.constdata)
    APBPrescTable                            0x0800524e   Data           8  system_stm32f4xx.o(.constdata)
    asc2_1206                                0x08005256   Data        1140  font.o(.constdata)
    asc2_1608                                0x080056ca   Data        1520  font.o(.constdata)
    Region$$Table$$Base                      0x08005d50   Number         0  anon$$obj.o(Region$$Table)
    Region$$Table$$Limit                     0x08005d70   Number         0  anon$$obj.o(Region$$Table)
    dis_50                                   0x20000000   Data          13  main.o(.data)
    get_image                                0x20000010   Data           1  dcmi.o(.data)
    uwTick                                   0x20000018   Data           4  stm32f4xx_hal.o(.data)
    uwTickPrio                               0x2000001c   Data           4  stm32f4xx_hal.o(.data)
    uwTickFreq                               0x20000020   Data           1  stm32f4xx_hal.o(.data)
    SystemCoreClock                          0x20000024   Data           4  system_stm32f4xx.o(.data)
    POINT_COLOR                              0x20000028   Data           2  lcd.o(.data)
    BACK_COLOR                               0x2000002a   Data           2  lcd.o(.data)
    distant                                  0x2000002c   Data           4  sr04.o(.data)
    distance_legth                           0x20000030   Data           1  sr04.o(.data)
    capture_started                          0x20000031   Data           1  sr04.o(.data)
    start_time                               0x20000034   Data           4  sr04.o(.data)
    end_time                                 0x20000038   Data           4  sr04.o(.data)
    hdcmi                                    0x2000003c   Data          64  dcmi.o(.bss)
    hdma_dcmi                                0x2000007c   Data          96  dcmi.o(.bss)
    hspi3                                    0x200000dc   Data          88  spi.o(.bss)
    htim1                                    0x20000134   Data          72  tim.o(.bss)
    htim2                                    0x2000017c   Data          72  tim.o(.bss)
    htim3                                    0x200001c4   Data          72  tim.o(.bss)
    huart1                                   0x2000020c   Data          72  usart.o(.bss)
    image_buffer                             0x20000254   Data       19200  ov2640.o(.bss)
    __libspace_start                         0x20004d54   Data          96  libspace.o(.bss)
    __temporary_stack_top$libspace           0x20004db4   Data           0  libspace.o(.bss)



==============================================================================

Memory Map of the image

  Image Entry point : 0x08000189

  Load Region LR_IROM1 (Base: 0x08000000, Size: 0x00005dc8, Max: 0x00100000, ABSOLUTE)

    Execution Region ER_IROM1 (Exec base: 0x08000000, Load base: 0x08000000, Size: 0x00005d8c, Max: 0x00100000, ABSOLUTE)

    Exec Addr    Load Addr    Size         Type   Attr      Idx    E Section Name        Object

    0x08000000   0x08000000   0x00000188   Data   RO            3    RESET               startup_stm32f407xx.o
    0x08000188   0x08000188   0x00000008   Code   RO         4061  * !!!main             c_w.l(__main.o)
    0x08000190   0x08000190   0x00000034   Code   RO         4309    !!!scatter          c_w.l(__scatter.o)
    0x080001c4   0x080001c4   0x0000001a   Code   RO         4311    !!handler_copy      c_w.l(__scatter_copy.o)
    0x080001de   0x080001de   0x00000002   PAD
    0x080001e0   0x080001e0   0x0000001c   Code   RO         4313    !!handler_zi        c_w.l(__scatter_zi.o)
    0x080001fc   0x080001fc   0x00000000   Code   RO         4056    .ARM.Collect$$_printf_percent$$00000000  c_w.l(_printf_percent.o)
    0x080001fc   0x080001fc   0x00000006   Code   RO         4055    .ARM.Collect$$_printf_percent$$00000003  c_w.l(_printf_f.o)
    0x08000202   0x08000202   0x00000006   Code   RO         4054    .ARM.Collect$$_printf_percent$$00000009  c_w.l(_printf_d.o)
    0x08000208   0x08000208   0x00000004   Code   RO         4094    .ARM.Collect$$_printf_percent$$00000017  c_w.l(_printf_percent_end.o)
    0x0800020c   0x0800020c   0x00000002   Code   RO         4182    .ARM.Collect$$libinit$$00000000  c_w.l(libinit.o)
    0x0800020e   0x0800020e   0x00000004   Code   RO         4183    .ARM.Collect$$libinit$$00000001  c_w.l(libinit2.o)
    0x08000212   0x08000212   0x00000000   Code   RO         4186    .ARM.Collect$$libinit$$00000004  c_w.l(libinit2.o)
    0x08000212   0x08000212   0x00000000   Code   RO         4189    .ARM.Collect$$libinit$$0000000A  c_w.l(libinit2.o)
    0x08000212   0x08000212   0x00000000   Code   RO         4191    .ARM.Collect$$libinit$$0000000C  c_w.l(libinit2.o)
    0x08000212   0x08000212   0x00000000   Code   RO         4193    .ARM.Collect$$libinit$$0000000E  c_w.l(libinit2.o)
    0x08000212   0x08000212   0x00000006   Code   RO         4194    .ARM.Collect$$libinit$$0000000F  c_w.l(libinit2.o)
    0x08000218   0x08000218   0x00000000   Code   RO         4196    .ARM.Collect$$libinit$$00000011  c_w.l(libinit2.o)
    0x08000218   0x08000218   0x00000000   Code   RO         4198    .ARM.Collect$$libinit$$00000013  c_w.l(libinit2.o)
    0x08000218   0x08000218   0x00000000   Code   RO         4200    .ARM.Collect$$libinit$$00000015  c_w.l(libinit2.o)
    0x08000218   0x08000218   0x0000000a   Code   RO         4201    .ARM.Collect$$libinit$$00000016  c_w.l(libinit2.o)
    0x08000222   0x08000222   0x00000000   Code   RO         4202    .ARM.Collect$$libinit$$00000017  c_w.l(libinit2.o)
    0x08000222   0x08000222   0x00000000   Code   RO         4204    .ARM.Collect$$libinit$$00000019  c_w.l(libinit2.o)
    0x08000222   0x08000222   0x00000000   Code   RO         4206    .ARM.Collect$$libinit$$0000001B  c_w.l(libinit2.o)
    0x08000222   0x08000222   0x00000000   Code   RO         4208    .ARM.Collect$$libinit$$0000001D  c_w.l(libinit2.o)
    0x08000222   0x08000222   0x00000000   Code   RO         4210    .ARM.Collect$$libinit$$0000001F  c_w.l(libinit2.o)
    0x08000222   0x08000222   0x00000000   Code   RO         4212    .ARM.Collect$$libinit$$00000021  c_w.l(libinit2.o)
    0x08000222   0x08000222   0x00000000   Code   RO         4214    .ARM.Collect$$libinit$$00000023  c_w.l(libinit2.o)
    0x08000222   0x08000222   0x00000000   Code   RO         4216    .ARM.Collect$$libinit$$00000025  c_w.l(libinit2.o)
    0x08000222   0x08000222   0x00000000   Code   RO         4220    .ARM.Collect$$libinit$$0000002C  c_w.l(libinit2.o)
    0x08000222   0x08000222   0x00000000   Code   RO         4222    .ARM.Collect$$libinit$$0000002E  c_w.l(libinit2.o)
    0x08000222   0x08000222   0x00000000   Code   RO         4224    .ARM.Collect$$libinit$$00000030  c_w.l(libinit2.o)
    0x08000222   0x08000222   0x00000000   Code   RO         4226    .ARM.Collect$$libinit$$00000032  c_w.l(libinit2.o)
    0x08000222   0x08000222   0x00000002   Code   RO         4227    .ARM.Collect$$libinit$$00000033  c_w.l(libinit2.o)
    0x08000224   0x08000224   0x00000002   Code   RO         4274    .ARM.Collect$$libshutdown$$00000000  c_w.l(libshutdown.o)
    0x08000226   0x08000226   0x00000000   Code   RO         4292    .ARM.Collect$$libshutdown$$00000002  c_w.l(libshutdown2.o)
    0x08000226   0x08000226   0x00000000   Code   RO         4294    .ARM.Collect$$libshutdown$$00000004  c_w.l(libshutdown2.o)
    0x08000226   0x08000226   0x00000000   Code   RO         4297    .ARM.Collect$$libshutdown$$00000007  c_w.l(libshutdown2.o)
    0x08000226   0x08000226   0x00000000   Code   RO         4300    .ARM.Collect$$libshutdown$$0000000A  c_w.l(libshutdown2.o)
    0x08000226   0x08000226   0x00000000   Code   RO         4302    .ARM.Collect$$libshutdown$$0000000C  c_w.l(libshutdown2.o)
    0x08000226   0x08000226   0x00000000   Code   RO         4305    .ARM.Collect$$libshutdown$$0000000F  c_w.l(libshutdown2.o)
    0x08000226   0x08000226   0x00000002   Code   RO         4306    .ARM.Collect$$libshutdown$$00000010  c_w.l(libshutdown2.o)
    0x08000228   0x08000228   0x00000000   Code   RO         4081    .ARM.Collect$$rtentry$$00000000  c_w.l(__rtentry.o)
    0x08000228   0x08000228   0x00000000   Code   RO         4105    .ARM.Collect$$rtentry$$00000002  c_w.l(__rtentry2.o)
    0x08000228   0x08000228   0x00000006   Code   RO         4117    .ARM.Collect$$rtentry$$00000004  c_w.l(__rtentry4.o)
    0x0800022e   0x0800022e   0x00000000   Code   RO         4107    .ARM.Collect$$rtentry$$00000009  c_w.l(__rtentry2.o)
    0x0800022e   0x0800022e   0x00000004   Code   RO         4108    .ARM.Collect$$rtentry$$0000000A  c_w.l(__rtentry2.o)
    0x08000232   0x08000232   0x00000000   Code   RO         4110    .ARM.Collect$$rtentry$$0000000C  c_w.l(__rtentry2.o)
    0x08000232   0x08000232   0x00000008   Code   RO         4111    .ARM.Collect$$rtentry$$0000000D  c_w.l(__rtentry2.o)
    0x0800023a   0x0800023a   0x00000002   Code   RO         4228    .ARM.Collect$$rtexit$$00000000  c_w.l(rtexit.o)
    0x0800023c   0x0800023c   0x00000000   Code   RO         4243    .ARM.Collect$$rtexit$$00000002  c_w.l(rtexit2.o)
    0x0800023c   0x0800023c   0x00000004   Code   RO         4244    .ARM.Collect$$rtexit$$00000003  c_w.l(rtexit2.o)
    0x08000240   0x08000240   0x00000006   Code   RO         4245    .ARM.Collect$$rtexit$$00000004  c_w.l(rtexit2.o)
    0x08000246   0x08000246   0x00000002   PAD
    0x08000248   0x08000248   0x00000040   Code   RO            4    .text               startup_stm32f407xx.o
    0x08000288   0x08000288   0x000000ee   Code   RO         4024    .text               c_w.l(lludivv7m.o)
    0x08000376   0x08000376   0x00000002   PAD
    0x08000378   0x08000378   0x00000028   Code   RO         4028    .text               c_w.l(noretval__2sprintf.o)
    0x080003a0   0x080003a0   0x00000078   Code   RO         4032    .text               c_w.l(_printf_dec.o)
    0x08000418   0x08000418   0x0000010e   Code   RO         4042    .text               c_w.l(__printf_wp.o)
    0x08000526   0x08000526   0x0000004e   Code   RO         4057    .text               c_w.l(rt_memclr_w.o)
    0x08000574   0x08000574   0x00000006   Code   RO         4059    .text               c_w.l(heapauxi.o)
    0x0800057a   0x0800057a   0x000000b2   Code   RO         4086    .text               c_w.l(_printf_intcommon.o)
    0x0800062c   0x0800062c   0x0000041e   Code   RO         4088    .text               c_w.l(_printf_fp_dec.o)
    0x08000a4a   0x08000a4a   0x00000002   PAD
    0x08000a4c   0x08000a4c   0x00000030   Code   RO         4090    .text               c_w.l(_printf_char_common.o)
    0x08000a7c   0x08000a7c   0x0000000a   Code   RO         4092    .text               c_w.l(_sputc.o)
    0x08000a86   0x08000a86   0x00000002   PAD
    0x08000a88   0x08000a88   0x00000008   Code   RO         4124    .text               c_w.l(rt_locale_intlibspace.o)
    0x08000a90   0x08000a90   0x0000008a   Code   RO         4126    .text               c_w.l(lludiv10.o)
    0x08000b1a   0x08000b1a   0x00000002   PAD
    0x08000b1c   0x08000b1c   0x00000080   Code   RO         4128    .text               c_w.l(_printf_fp_infnan.o)
    0x08000b9c   0x08000b9c   0x000000e4   Code   RO         4132    .text               c_w.l(bigflt0.o)
    0x08000c80   0x08000c80   0x00000008   Code   RO         4164    .text               c_w.l(libspace.o)
    0x08000c88   0x08000c88   0x0000004a   Code   RO         4167    .text               c_w.l(sys_stackheap_outer.o)
    0x08000cd2   0x08000cd2   0x00000012   Code   RO         4169    .text               c_w.l(exit.o)
    0x08000ce4   0x08000ce4   0x00000080   Code   RO         4175    .text               c_w.l(strcmpv7m.o)
    0x08000d64   0x08000d64   0x0000000c   Code   RO         4240    .text               c_w.l(sys_exit.o)
    0x08000d70   0x08000d70   0x00000002   Code   RO         4261    .text               c_w.l(use_no_semi.o)
    0x08000d72   0x08000d72   0x00000000   Code   RO         4263    .text               c_w.l(indicate_semi.o)
    0x08000d72   0x08000d72   0x0000003e   Code   RO         4135    CL$$btod_d2e        c_w.l(btod.o)
    0x08000db0   0x08000db0   0x00000046   Code   RO         4137    CL$$btod_d2e_denorm_low  c_w.l(btod.o)
    0x08000df6   0x08000df6   0x00000060   Code   RO         4136    CL$$btod_d2e_norm_op1  c_w.l(btod.o)
    0x08000e56   0x08000e56   0x00000338   Code   RO         4145    CL$$btod_div_common  c_w.l(btod.o)
    0x0800118e   0x0800118e   0x000000dc   Code   RO         4142    CL$$btod_e2e        c_w.l(btod.o)
    0x0800126a   0x0800126a   0x0000002a   Code   RO         4139    CL$$btod_ediv       c_w.l(btod.o)
    0x08001294   0x08001294   0x0000002a   Code   RO         4138    CL$$btod_emul       c_w.l(btod.o)
    0x080012be   0x080012be   0x00000244   Code   RO         4144    CL$$btod_mult_common  c_w.l(btod.o)
    0x08001502   0x08001502   0x00000004   Code   RO          469    i.BusFault_Handler  stm32f4xx_it.o
    0x08001506   0x08001506   0x0000001c   Code   RO          605    i.DCMI_DMAError     stm32f4xx_hal_dcmi.o
    0x08001522   0x08001522   0x00000002   PAD
    0x08001524   0x08001524   0x00000010   Code   RO          470    i.DCMI_IRQHandler   stm32f4xx_it.o
    0x08001534   0x08001534   0x00000010   Code   RO          471    i.DMA2_Stream1_IRQHandler  stm32f4xx_it.o
    0x08001544   0x08001544   0x00000034   Code   RO         1275    i.DMA_CalcBaseAndBitshift  stm32f4xx_hal_dma.o
    0x08001578   0x08001578   0x000000aa   Code   RO         1276    i.DMA_CheckFifoParam  stm32f4xx_hal_dma.o
    0x08001622   0x08001622   0x00000002   Code   RO          472    i.DebugMon_Handler  stm32f4xx_it.o
    0x08001624   0x08001624   0x0000000a   Code   RO          473    i.EXTI9_5_IRQHandler  stm32f4xx_it.o
    0x0800162e   0x0800162e   0x00000006   Code   RO           13    i.Error_Handler     main.o
    0x08001634   0x08001634   0x00000002   Code   RO          612    i.HAL_DCMI_ErrorCallback  stm32f4xx_hal_dcmi.o
    0x08001636   0x08001636   0x00000002   PAD
    0x08001638   0x08001638   0x00000068   Code   RO          240    i.HAL_DCMI_FrameEventCallback  dcmi.o
    0x080016a0   0x080016a0   0x000000c0   Code   RO          616    i.HAL_DCMI_IRQHandler  stm32f4xx_hal_dcmi.o
    0x08001760   0x08001760   0x00000092   Code   RO          747    i.HAL_DCMI_Init     stm32f4xx_hal_dcmi_ex.o
    0x080017f2   0x080017f2   0x00000002   Code   RO          618    i.HAL_DCMI_LineEventCallback  stm32f4xx_hal_dcmi.o
    0x080017f4   0x080017f4   0x000001a8   Code   RO          242    i.HAL_DCMI_MspInit  dcmi.o
    0x0800199c   0x0800199c   0x0000008c   Code   RO          623    i.HAL_DCMI_Stop     stm32f4xx_hal_dcmi.o
    0x08001a28   0x08001a28   0x00000002   Code   RO          625    i.HAL_DCMI_VsyncEventCallback  stm32f4xx_hal_dcmi.o
    0x08001a2a   0x08001a2a   0x000000ac   Code   RO         1278    i.HAL_DMA_Abort     stm32f4xx_hal_dma.o
    0x08001ad6   0x08001ad6   0x00000028   Code   RO         1279    i.HAL_DMA_Abort_IT  stm32f4xx_hal_dma.o
    0x08001afe   0x08001afe   0x00000002   PAD
    0x08001b00   0x08001b00   0x00000240   Code   RO         1283    i.HAL_DMA_IRQHandler  stm32f4xx_hal_dma.o
    0x08001d40   0x08001d40   0x000000ec   Code   RO         1284    i.HAL_DMA_Init      stm32f4xx_hal_dma.o
    0x08001e2c   0x08001e2c   0x00000028   Code   RO         1720    i.HAL_Delay         stm32f4xx_hal.o
    0x08001e54   0x08001e54   0x00000002   Code   RO          204    i.HAL_GPIO_EXTI_Callback  gpio.o
    0x08001e56   0x08001e56   0x00000002   PAD
    0x08001e58   0x08001e58   0x0000001c   Code   RO         1170    i.HAL_GPIO_EXTI_IRQHandler  stm32f4xx_hal_gpio.o
    0x08001e74   0x08001e74   0x000001f4   Code   RO         1171    i.HAL_GPIO_Init     stm32f4xx_hal_gpio.o
    0x08002068   0x08002068   0x0000000c   Code   RO         1175    i.HAL_GPIO_WritePin  stm32f4xx_hal_gpio.o
    0x08002074   0x08002074   0x0000000c   Code   RO         1726    i.HAL_GetTick       stm32f4xx_hal.o
    0x08002080   0x08002080   0x00000018   Code   RO         1732    i.HAL_IncTick       stm32f4xx_hal.o
    0x08002098   0x08002098   0x0000003c   Code   RO         1733    i.HAL_Init          stm32f4xx_hal.o
    0x080020d4   0x080020d4   0x0000004c   Code   RO         1734    i.HAL_InitTick      stm32f4xx_hal.o
    0x08002120   0x08002120   0x00000048   Code   RO          581    i.HAL_MspInit       stm32f4xx_hal_msp.o
    0x08002168   0x08002168   0x00000028   Code   RO         1563    i.HAL_NVIC_EnableIRQ  stm32f4xx_hal_cortex.o
    0x08002190   0x08002190   0x0000007c   Code   RO         1569    i.HAL_NVIC_SetPriority  stm32f4xx_hal_cortex.o
    0x0800220c   0x0800220c   0x00000028   Code   RO         1570    i.HAL_NVIC_SetPriorityGrouping  stm32f4xx_hal_cortex.o
    0x08002234   0x08002234   0x00000184   Code   RO          772    i.HAL_RCC_ClockConfig  stm32f4xx_hal_rcc.o
    0x080023b8   0x080023b8   0x0000000c   Code   RO          777    i.HAL_RCC_GetHCLKFreq  stm32f4xx_hal_rcc.o
    0x080023c4   0x080023c4   0x00000020   Code   RO          779    i.HAL_RCC_GetPCLK1Freq  stm32f4xx_hal_rcc.o
    0x080023e4   0x080023e4   0x00000020   Code   RO          780    i.HAL_RCC_GetPCLK2Freq  stm32f4xx_hal_rcc.o
    0x08002404   0x08002404   0x000000b0   Code   RO          781    i.HAL_RCC_GetSysClockFreq  stm32f4xx_hal_rcc.o
    0x080024b4   0x080024b4   0x0000049c   Code   RO          784    i.HAL_RCC_OscConfig  stm32f4xx_hal_rcc.o
    0x08002950   0x08002950   0x000000c8   Code   RO         1982    i.HAL_SPI_Init      stm32f4xx_hal_spi.o
    0x08002a18   0x08002a18   0x00000088   Code   RO          314    i.HAL_SPI_MspInit   spi.o
    0x08002aa0   0x08002aa0   0x000001be   Code   RO         1990    i.HAL_SPI_Transmit  stm32f4xx_hal_spi.o
    0x08002c5e   0x08002c5e   0x00000034   Code   RO         1574    i.HAL_SYSTICK_Config  stm32f4xx_hal_cortex.o
    0x08002c92   0x08002c92   0x00000002   Code   RO         3010    i.HAL_TIMEx_BreakCallback  stm32f4xx_hal_tim_ex.o
    0x08002c94   0x08002c94   0x00000002   Code   RO         3011    i.HAL_TIMEx_CommutCallback  stm32f4xx_hal_tim_ex.o
    0x08002c96   0x08002c96   0x00000002   PAD
    0x08002c98   0x08002c98   0x000000b4   Code   RO         3029    i.HAL_TIMEx_MasterConfigSynchronization  stm32f4xx_hal_tim_ex.o
    0x08002d4c   0x08002d4c   0x00000066   Code   RO         2295    i.HAL_TIM_Base_Init  stm32f4xx_hal_tim.o
    0x08002db2   0x08002db2   0x00000002   PAD
    0x08002db4   0x08002db4   0x00000080   Code   RO          356    i.HAL_TIM_Base_MspInit  tim.o
    0x08002e34   0x08002e34   0x000000a8   Code   RO         2300    i.HAL_TIM_Base_Start_IT  stm32f4xx_hal_tim.o
    0x08002edc   0x08002edc   0x0000003e   Code   RO         2303    i.HAL_TIM_Base_Stop_IT  stm32f4xx_hal_tim.o
    0x08002f1a   0x08002f1a   0x0000010c   Code   RO         2304    i.HAL_TIM_ConfigClockSource  stm32f4xx_hal_tim.o
    0x08003026   0x08003026   0x00000002   PAD
    0x08003028   0x08003028   0x00000100   Code   RO         3978    i.HAL_TIM_IC_CaptureCallback  sr04.o
    0x08003128   0x08003128   0x000000de   Code   RO         2331    i.HAL_TIM_IC_ConfigChannel  stm32f4xx_hal_tim.o
    0x08003206   0x08003206   0x00000066   Code   RO         2334    i.HAL_TIM_IC_Init   stm32f4xx_hal_tim.o
    0x0800326c   0x0800326c   0x00000094   Code   RO          358    i.HAL_TIM_IC_MspInit  tim.o
    0x08003300   0x08003300   0x00000190   Code   RO         2339    i.HAL_TIM_IC_Start_IT  stm32f4xx_hal_tim.o
    0x08003490   0x08003490   0x000000de   Code   RO         2342    i.HAL_TIM_IC_Stop_IT  stm32f4xx_hal_tim.o
    0x0800356e   0x0800356e   0x0000016c   Code   RO         2343    i.HAL_TIM_IRQHandler  stm32f4xx_hal_tim.o
    0x080036da   0x080036da   0x00000002   Code   RO         2346    i.HAL_TIM_OC_DelayElapsedCallback  stm32f4xx_hal_tim.o
    0x080036dc   0x080036dc   0x00000002   Code   RO         2373    i.HAL_TIM_PWM_PulseFinishedCallback  stm32f4xx_hal_tim.o
    0x080036de   0x080036de   0x00000002   PAD
    0x080036e0   0x080036e0   0x00000068   Code   RO          359    i.HAL_TIM_PeriodElapsedCallback  tim.o
    0x08003748   0x08003748   0x00000032   Code   RO         2383    i.HAL_TIM_ReadCapturedValue  stm32f4xx_hal_tim.o
    0x0800377a   0x0800377a   0x00000002   Code   RO         2386    i.HAL_TIM_TriggerCallback  stm32f4xx_hal_tim.o
    0x0800377c   0x0800377c   0x00000076   Code   RO         3307    i.HAL_UART_Init     stm32f4xx_hal_uart.o
    0x080037f2   0x080037f2   0x00000002   PAD
    0x080037f4   0x080037f4   0x00000088   Code   RO          428    i.HAL_UART_MspInit  usart.o
    0x0800387c   0x0800387c   0x000000be   Code   RO         3315    i.HAL_UART_Transmit  stm32f4xx_hal_uart.o
    0x0800393a   0x0800393a   0x00000004   Code   RO          474    i.HardFault_Handler  stm32f4xx_it.o
    0x0800393e   0x0800393e   0x00000002   PAD
    0x08003940   0x08003940   0x00000068   Code   RO         3687    i.ILI9341_DrawImage  lcd.o
    0x080039a8   0x080039a8   0x0000002a   Code   RO         3688    i.ILI9341_DrawPixel  lcd.o
    0x080039d2   0x080039d2   0x00000026   Code   RO         3689    i.LCD_Fill          lcd.o
    0x080039f8   0x080039f8   0x00000220   Code   RO         3690    i.LCD_Init          lcd.o
    0x08003c18   0x08003c18   0x00000052   Code   RO         3691    i.LCD_SetWindow     lcd.o
    0x08003c6a   0x08003c6a   0x00000002   PAD
    0x08003c6c   0x08003c6c   0x0000011c   Code   RO         3692    i.LCD_ShowChar      lcd.o
    0x08003d88   0x08003d88   0x0000005c   Code   RO         3693    i.LCD_ShowString    lcd.o
    0x08003de4   0x08003de4   0x00000038   Code   RO         3694    i.LCD_WriteCommand  lcd.o
    0x08003e1c   0x08003e1c   0x00000038   Code   RO         3695    i.LCD_WriteData     lcd.o
    0x08003e54   0x08003e54   0x00000048   Code   RO         3696    i.LCD_WriteData16   lcd.o
    0x08003e9c   0x08003e9c   0x00000044   Code   RO          243    i.MX_DCMI_Init      dcmi.o
    0x08003ee0   0x08003ee0   0x00000038   Code   RO          289    i.MX_DMA_Init       dma.o
    0x08003f18   0x08003f18   0x000001a8   Code   RO          205    i.MX_GPIO_Init      gpio.o
    0x080040c0   0x080040c0   0x00000044   Code   RO          315    i.MX_SPI3_Init      spi.o
    0x08004104   0x08004104   0x0000007c   Code   RO          360    i.MX_TIM1_Init      tim.o
    0x08004180   0x08004180   0x00000070   Code   RO          361    i.MX_TIM2_Init      tim.o
    0x080041f0   0x080041f0   0x0000006c   Code   RO          362    i.MX_TIM3_Init      tim.o
    0x0800425c   0x0800425c   0x00000038   Code   RO          429    i.MX_USART1_UART_Init  usart.o
    0x08004294   0x08004294   0x00000004   Code   RO          475    i.MemManage_Handler  stm32f4xx_it.o
    0x08004298   0x08004298   0x00000004   Code   RO          476    i.NMI_Handler       stm32f4xx_it.o
    0x0800429c   0x0800429c   0x00000010   Code   RO         3850    i.OV2640_StopCapture  ov2640.o
    0x080042ac   0x080042ac   0x00000002   Code   RO          477    i.PendSV_Handler    stm32f4xx_it.o
    0x080042ae   0x080042ae   0x00000002   PAD
    0x080042b0   0x080042b0   0x00000088   Code   RO         2020    i.SPI_EndRxTxTransaction  stm32f4xx_hal_spi.o
    0x08004338   0x08004338   0x000000d8   Code   RO         2025    i.SPI_WaitFlagStateUntilTimeout  stm32f4xx_hal_spi.o
    0x08004410   0x08004410   0x00000002   Code   RO          478    i.SVC_Handler       stm32f4xx_it.o
    0x08004412   0x08004412   0x00000008   Code   RO          479    i.SysTick_Handler   stm32f4xx_it.o
    0x0800441a   0x0800441a   0x00000002   PAD
    0x0800441c   0x0800441c   0x000000b4   Code   RO           14    i.SystemClock_Config  main.o
    0x080044d0   0x080044d0   0x00000014   Code   RO         3651    i.SystemInit        system_stm32f4xx.o
    0x080044e4   0x080044e4   0x00000010   Code   RO          480    i.TIM1_CC_IRQHandler  stm32f4xx_it.o
    0x080044f4   0x080044f4   0x00000010   Code   RO          481    i.TIM2_IRQHandler   stm32f4xx_it.o
    0x08004504   0x08004504   0x00000010   Code   RO          482    i.TIM3_IRQHandler   stm32f4xx_it.o
    0x08004514   0x08004514   0x000000e0   Code   RO         2388    i.TIM_Base_SetConfig  stm32f4xx_hal_tim.o
    0x080045f4   0x080045f4   0x00000022   Code   RO         2389    i.TIM_CCxChannelCmd  stm32f4xx_hal_tim.o
    0x08004616   0x08004616   0x00000016   Code   RO         2399    i.TIM_ETR_SetConfig  stm32f4xx_hal_tim.o
    0x0800462c   0x0800462c   0x00000012   Code   RO         2400    i.TIM_ITRx_SetConfig  stm32f4xx_hal_tim.o
    0x0800463e   0x0800463e   0x00000026   Code   RO         2406    i.TIM_TI1_ConfigInputStage  stm32f4xx_hal_tim.o
    0x08004664   0x08004664   0x00000090   Code   RO         2407    i.TIM_TI1_SetConfig  stm32f4xx_hal_tim.o
    0x080046f4   0x080046f4   0x00000028   Code   RO         2408    i.TIM_TI2_ConfigInputStage  stm32f4xx_hal_tim.o
    0x0800471c   0x0800471c   0x0000003a   Code   RO         2409    i.TIM_TI2_SetConfig  stm32f4xx_hal_tim.o
    0x08004756   0x08004756   0x00000038   Code   RO         2410    i.TIM_TI3_SetConfig  stm32f4xx_hal_tim.o
    0x0800478e   0x0800478e   0x0000003c   Code   RO         2411    i.TIM_TI4_SetConfig  stm32f4xx_hal_tim.o
    0x080047ca   0x080047ca   0x0000006c   Code   RO         3330    i.UART_EndRxTransfer  stm32f4xx_hal_uart.o
    0x08004836   0x08004836   0x00000002   PAD
    0x08004838   0x08004838   0x0000022c   Code   RO         3334    i.UART_SetConfig    stm32f4xx_hal_uart.o
    0x08004a64   0x08004a64   0x0000008c   Code   RO         3338    i.UART_WaitOnFlagUntilTimeout  stm32f4xx_hal_uart.o
    0x08004af0   0x08004af0   0x00000004   Code   RO          483    i.UsageFault_Handler  stm32f4xx_it.o
    0x08004af4   0x08004af4   0x00000030   Code   RO         4162    i.__ARM_fpclassify  m_wm.l(fpclassify.o)
    0x08004b24   0x08004b24   0x00000010   Code   RO         1576    i.__NVIC_GetPriorityGrouping  stm32f4xx_hal_cortex.o
    0x08004b34   0x08004b34   0x00000028   Code   RO         1577    i.__NVIC_SetPriority  stm32f4xx_hal_cortex.o
    0x08004b5c   0x08004b5c   0x0000000e   Code   RO         4044    i._is_digit         c_w.l(__printf_wp.o)
    0x08004b6a   0x08004b6a   0x00000002   PAD
    0x08004b6c   0x08004b6c   0x00000050   Code   RO           15    i.main              main.o
    0x08004bbc   0x08004bbc   0x0000001c   Code   RO         3980    i.sr04_trigger_measurement  sr04.o
    0x08004bd8   0x08004bd8   0x0000002c   Code   RO         4158    locale$$code        c_w.l(lc_numeric_c.o)
    0x08004c04   0x08004c04   0x00000062   Code   RO         4063    x$fpl$d2f           fz_wm.l(d2f.o)
    0x08004c66   0x08004c66   0x00000002   PAD
    0x08004c68   0x08004c68   0x000002b0   Code   RO         4066    x$fpl$ddiv          fz_wm.l(ddiv.o)
    0x08004f18   0x08004f18   0x00000026   Code   RO         4069    x$fpl$dfltu         fz_wm.l(dflt_clz.o)
    0x08004f3e   0x08004f3e   0x00000002   PAD
    0x08004f40   0x08004f40   0x00000154   Code   RO         4075    x$fpl$dmul          fz_wm.l(dmul.o)
    0x08005094   0x08005094   0x0000009c   Code   RO         4095    x$fpl$dnaninf       fz_wm.l(dnaninf.o)
    0x08005130   0x08005130   0x0000000c   Code   RO         4097    x$fpl$dretinf       fz_wm.l(dretinf.o)
    0x0800513c   0x0800513c   0x00000056   Code   RO         4077    x$fpl$f2d           fz_wm.l(f2d.o)
    0x08005192   0x08005192   0x0000008c   Code   RO         4099    x$fpl$fnaninf       fz_wm.l(fnaninf.o)
    0x0800521e   0x0800521e   0x0000000a   Code   RO         4238    x$fpl$fpinit        fz_wm.l(fpinit.o)
    0x08005228   0x08005228   0x0000000a   Code   RO         4101    x$fpl$fretinf       fz_wm.l(fretinf.o)
    0x08005232   0x08005232   0x00000004   Code   RO         4079    x$fpl$printf1       fz_wm.l(printf1.o)
    0x08005236   0x08005236   0x00000000   Code   RO         4103    x$fpl$usenofp       fz_wm.l(usenofp.o)
    0x08005236   0x08005236   0x00000008   Data   RO         1290    .constdata          stm32f4xx_hal_dma.o
    0x0800523e   0x0800523e   0x00000018   Data   RO         3652    .constdata          system_stm32f4xx.o
    0x08005256   0x08005256   0x00000a64   Data   RO         3954    .constdata          font.o
    0x08005cba   0x08005cba   0x00000002   PAD
    0x08005cbc   0x08005cbc   0x00000094   Data   RO         4133    .constdata          c_w.l(bigflt0.o)
    0x08005d50   0x08005d50   0x00000020   Data   RO         4307    Region$$Table       anon$$obj.o
    0x08005d70   0x08005d70   0x0000001c   Data   RO         4157    locale$$data        c_w.l(lc_numeric_c.o)


    Execution Region RW_IRAM1 (Exec base: 0x20000000, Load base: 0x08005d8c, Size: 0x000053b8, Max: 0x0001c000, ABSOLUTE)

    Exec Addr    Load Addr    Size         Type   Attr      Idx    E Section Name        Object

    0x20000000   0x08005d8c   0x0000000d   Data   RW           17    .data               main.o
    0x2000000d   0x08005d99   0x00000003   PAD
    0x20000010   0x08005d9c   0x00000008   Data   RW          245    .data               dcmi.o
    0x20000018   0x08005da4   0x00000009   Data   RW         1740    .data               stm32f4xx_hal.o
    0x20000021   0x08005dad   0x00000003   PAD
    0x20000024   0x08005db0   0x00000004   Data   RW         3653    .data               system_stm32f4xx.o
    0x20000028   0x08005db4   0x00000004   Data   RW         3697    .data               lcd.o
    0x2000002c   0x08005db8   0x00000010   Data   RW         3981    .data               sr04.o
    0x2000003c        -       0x000000a0   Zero   RW          244    .bss                dcmi.o
    0x200000dc        -       0x00000058   Zero   RW          316    .bss                spi.o
    0x20000134        -       0x000000d8   Zero   RW          363    .bss                tim.o
    0x2000020c        -       0x00000048   Zero   RW          430    .bss                usart.o
    0x20000254        -       0x00004b00   Zero   RW         3855    .bss                ov2640.o
    0x20004d54        -       0x00000060   Zero   RW         4165    .bss                c_w.l(libspace.o)
    0x20004db4   0x08005dc8   0x00000004   PAD
    0x20004db8        -       0x00000200   Zero   RW            2    HEAP                startup_stm32f407xx.o
    0x20004fb8        -       0x00000400   Zero   RW            1    STACK               startup_stm32f407xx.o


    Execution Region RW_IRAM2 (Exec base: 0x2001c000, Load base: 0x08005dc8, Size: 0x00000000, Max: 0x00004000, ABSOLUTE)

    **** No section assigned to this execution region ****


==============================================================================

Image component sizes


      Code (inc. data)   RO Data    RW Data    ZI Data      Debug   Object Name

       596         72          0          8        160       2736   dcmi.o
        56          4          0          0          0        762   dma.o
         0          0       2660          0          0        530   font.o
       426         20          0          0          0       1720   gpio.o
      1370         62          0          4          0       7140   lcd.o
       266         16          0         13          0     706254   main.o
        16          6          0          0      19200       2026   ov2640.o
       204         20          0          0         88       1665   spi.o
       284         56          0         16          0       2053   sr04.o
        64         26        392          0       1536        844   startup_stm32f407xx.o
       212         36          0          9          0       9385   stm32f4xx_hal.o
       312         22          0          0          0      34335   stm32f4xx_hal_cortex.o
       366         10          0          0          0       4302   stm32f4xx_hal_dcmi.o
       146          0          0          0          0       1096   stm32f4xx_hal_dcmi_ex.o
      1246         16          8          0          0       5359   stm32f4xx_hal_dma.o
       540         50          0          0          0       2743   stm32f4xx_hal_gpio.o
        72          4          0          0          0        858   stm32f4xx_hal_msp.o
      1820         84          0          0          0       5620   stm32f4xx_hal_rcc.o
       998         12          0          0          0       4326   stm32f4xx_hal_spi.o
      2660        134          0          0          0      17977   stm32f4xx_hal_tim.o
       184         30          0          0          0       2517   stm32f4xx_hal_tim_ex.o
      1112         10          0          0          0       4564   stm32f4xx_hal_uart.o
       124         30          0          0          0       7172   stm32f4xx_it.o
        20          6         24          4          0       1127   system_stm32f4xx.o
       724         62          0          0        216       4421   tim.o
       192         22          0          0         72       1686   usart.o

    ----------------------------------------------------------------------
     14038        810       3118         60      21272     833218   Object Totals
         0          0         32          0          0          0   (incl. Generated)
        28          0          2          6          0          0   (incl. Padding)

    ----------------------------------------------------------------------

      Code (inc. data)   RO Data    RW Data    ZI Data      Debug   Library Member Name

         8          0          0          0          0         68   __main.o
       284          0          0          0          0        156   __printf_wp.o
         0          0          0          0          0          0   __rtentry.o
        12          0          0          0          0          0   __rtentry2.o
         6          0          0          0          0          0   __rtentry4.o
        52          8          0          0          0          0   __scatter.o
        26          0          0          0          0          0   __scatter_copy.o
        28          0          0          0          0          0   __scatter_zi.o
        48          6          0          0          0         96   _printf_char_common.o
         6          0          0          0          0          0   _printf_d.o
       120         16          0          0          0         92   _printf_dec.o
         6          0          0          0          0          0   _printf_f.o
      1054          0          0          0          0        216   _printf_fp_dec.o
       128         16          0          0          0         84   _printf_fp_infnan.o
       178          0          0          0          0         88   _printf_intcommon.o
         0          0          0          0          0          0   _printf_percent.o
         4          0          0          0          0          0   _printf_percent_end.o
        10          0          0          0          0         68   _sputc.o
       228          4        148          0          0         96   bigflt0.o
      1936        128          0          0          0        672   btod.o
        18          0          0          0          0         80   exit.o
         6          0          0          0          0        152   heapauxi.o
         0          0          0          0          0          0   indicate_semi.o
        44         10         28          0          0         76   lc_numeric_c.o
         2          0          0          0          0          0   libinit.o
        22          0          0          0          0          0   libinit2.o
         2          0          0          0          0          0   libshutdown.o
         2          0          0          0          0          0   libshutdown2.o
         8          4          0          0         96         68   libspace.o
       138          0          0          0          0         80   lludiv10.o
       238          0          0          0          0        100   lludivv7m.o
        40          6          0          0          0         84   noretval__2sprintf.o
         8          4          0          0          0         68   rt_locale_intlibspace.o
        78          0          0          0          0         80   rt_memclr_w.o
         2          0          0          0          0          0   rtexit.o
        10          0          0          0          0          0   rtexit2.o
       128          0          0          0          0         68   strcmpv7m.o
        12          4          0          0          0         68   sys_exit.o
        74          0          0          0          0         80   sys_stackheap_outer.o
         2          0          0          0          0         68   use_no_semi.o
        98          4          0          0          0        140   d2f.o
       688        140          0          0          0        256   ddiv.o
        38          0          0          0          0        116   dflt_clz.o
       340         12          0          0          0        152   dmul.o
       156          4          0          0          0        140   dnaninf.o
        12          0          0          0          0        116   dretinf.o
        86          4          0          0          0        132   f2d.o
       140          4          0          0          0        132   fnaninf.o
        10          0          0          0          0        116   fpinit.o
        10          0          0          0          0        116   fretinf.o
         4          0          0          0          0        116   printf1.o
         0          0          0          0          0          0   usenofp.o
        48          0          0          0          0        124   fpclassify.o

    ----------------------------------------------------------------------
      6616        374        176          0        100       4364   Library Totals
        18          0          0          0          4          0   (incl. Padding)

    ----------------------------------------------------------------------

      Code (inc. data)   RO Data    RW Data    ZI Data      Debug   Library Name

      4968        206        176          0         96       2708   c_w.l
      1582        168          0          0          0       1532   fz_wm.l
        48          0          0          0          0        124   m_wm.l

    ----------------------------------------------------------------------
      6616        374        176          0        100       4364   Library Totals

    ----------------------------------------------------------------------

==============================================================================


      Code (inc. data)   RO Data    RW Data    ZI Data      Debug   

     20654       1184       3294         60      21372     824026   Grand Totals
     20654       1184       3294         60      21372     824026   ELF Image Totals
     20654       1184       3294         60          0          0   ROM Totals

==============================================================================

    Total RO  Size (Code + RO Data)                23948 (  23.39kB)
    Total RW  Size (RW Data + ZI Data)             21432 (  20.93kB)
    Total ROM Size (Code + RO Data + RW Data)      24008 (  23.45kB)

==============================================================================

